../Core/Src/main.c:89:6:HAL_ADC_ConvCpltCallback	16	static
../Core/Src/main.c:99:5:main	8	static,ignoring_inline_asm
../Core/Src/main.c:304:6:SystemClock_Config	88	static
../Core/Src/main.c:352:13:MX_ADC1_Init	24	static
../Core/Src/main.c:399:13:MX_TIM1_Init	96	static
../Core/Src/main.c:480:13:MX_TIM2_Init	64	static
../Core/Src/main.c:539:13:MX_TIM3_Init	64	static
../Core/Src/main.c:598:13:MX_TIM4_Init	80	static
../Core/Src/main.c:662:13:MX_DMA_Init	16	static
../Core/Src/main.c:680:13:MX_GPIO_Init	40	static
../Core/Src/main.c:726:6:Error_Handler	4	static,ignoring_inline_asm
