../Core/Src/main.c:89:6:HAL_ADC_ConvCpltCallback	16	static
../Core/Src/main.c:98:5:main	8	static
../Core/Src/main.c:292:6:SystemClock_Config	88	static
../Core/Src/main.c:340:13:MX_ADC1_Init	24	static
../Core/Src/main.c:387:13:MX_TIM1_Init	96	static
../Core/Src/main.c:472:13:MX_TIM2_Init	80	static
../Core/Src/main.c:549:13:MX_TIM3_Init	64	static
../Core/Src/main.c:608:13:MX_TIM4_Init	80	static
../Core/Src/main.c:672:13:MX_DMA_Init	16	static
../Core/Src/main.c:690:13:MX_GPIO_Init	40	static
../Core/Src/main.c:736:6:Error_Handler	4	static,ignoring_inline_asm
