Archive member included to satisfy reference by file (symbol)

/opt/st/stm32cubeide_2.0.0/plugins/com.st.stm32cube.ide.mcu.externaltools.gnu-tools-for-stm32.13.3.rel1.linux64_1.0.100.202509120712/tools/bin/../lib/gcc/arm-none-eabi/13.3.1/../../../../arm-none-eabi/lib/thumb/v7-m/nofp/libc_nano.a(libc_a-exit.o)
                              /opt/st/stm32cubeide_2.0.0/plugins/com.st.stm32cube.ide.mcu.externaltools.gnu-tools-for-stm32.13.3.rel1.linux64_1.0.100.202509120712/tools/bin/../lib/gcc/arm-none-eabi/13.3.1/../../../../arm-none-eabi/lib/thumb/v7-m/nofp/crt0.o (exit)
/opt/st/stm32cubeide_2.0.0/plugins/com.st.stm32cube.ide.mcu.externaltools.gnu-tools-for-stm32.13.3.rel1.linux64_1.0.100.202509120712/tools/bin/../lib/gcc/arm-none-eabi/13.3.1/../../../../arm-none-eabi/lib/thumb/v7-m/nofp/libc_nano.a(libc_a-findfp.o)
                              /opt/st/stm32cubeide_2.0.0/plugins/com.st.stm32cube.ide.mcu.externaltools.gnu-tools-for-stm32.13.3.rel1.linux64_1.0.100.202509120712/tools/bin/../lib/gcc/arm-none-eabi/13.3.1/../../../../arm-none-eabi/lib/thumb/v7-m/nofp/libc_nano.a(libc_a-exit.o) (__stdio_exit_handler)
/opt/st/stm32cubeide_2.0.0/plugins/com.st.stm32cube.ide.mcu.externaltools.gnu-tools-for-stm32.13.3.rel1.linux64_1.0.100.202509120712/tools/bin/../lib/gcc/arm-none-eabi/13.3.1/../../../../arm-none-eabi/lib/thumb/v7-m/nofp/libc_nano.a(libc_a-fwalk.o)
                              /opt/st/stm32cubeide_2.0.0/plugins/com.st.stm32cube.ide.mcu.externaltools.gnu-tools-for-stm32.13.3.rel1.linux64_1.0.100.202509120712/tools/bin/../lib/gcc/arm-none-eabi/13.3.1/../../../../arm-none-eabi/lib/thumb/v7-m/nofp/libc_nano.a(libc_a-findfp.o) (_fwalk_sglue)
/opt/st/stm32cubeide_2.0.0/plugins/com.st.stm32cube.ide.mcu.externaltools.gnu-tools-for-stm32.13.3.rel1.linux64_1.0.100.202509120712/tools/bin/../lib/gcc/arm-none-eabi/13.3.1/../../../../arm-none-eabi/lib/thumb/v7-m/nofp/libc_nano.a(libc_a-stdio.o)
                              /opt/st/stm32cubeide_2.0.0/plugins/com.st.stm32cube.ide.mcu.externaltools.gnu-tools-for-stm32.13.3.rel1.linux64_1.0.100.202509120712/tools/bin/../lib/gcc/arm-none-eabi/13.3.1/../../../../arm-none-eabi/lib/thumb/v7-m/nofp/libc_nano.a(libc_a-findfp.o) (__sread)
/opt/st/stm32cubeide_2.0.0/plugins/com.st.stm32cube.ide.mcu.externaltools.gnu-tools-for-stm32.13.3.rel1.linux64_1.0.100.202509120712/tools/bin/../lib/gcc/arm-none-eabi/13.3.1/../../../../arm-none-eabi/lib/thumb/v7-m/nofp/libc_nano.a(libc_a-memset.o)
                              /opt/st/stm32cubeide_2.0.0/plugins/com.st.stm32cube.ide.mcu.externaltools.gnu-tools-for-stm32.13.3.rel1.linux64_1.0.100.202509120712/tools/bin/../lib/gcc/arm-none-eabi/13.3.1/../../../../arm-none-eabi/lib/thumb/v7-m/nofp/crt0.o (memset)
/opt/st/stm32cubeide_2.0.0/plugins/com.st.stm32cube.ide.mcu.externaltools.gnu-tools-for-stm32.13.3.rel1.linux64_1.0.100.202509120712/tools/bin/../lib/gcc/arm-none-eabi/13.3.1/../../../../arm-none-eabi/lib/thumb/v7-m/nofp/libc_nano.a(libc_a-closer.o)
                              /opt/st/stm32cubeide_2.0.0/plugins/com.st.stm32cube.ide.mcu.externaltools.gnu-tools-for-stm32.13.3.rel1.linux64_1.0.100.202509120712/tools/bin/../lib/gcc/arm-none-eabi/13.3.1/../../../../arm-none-eabi/lib/thumb/v7-m/nofp/libc_nano.a(libc_a-stdio.o) (_close_r)
/opt/st/stm32cubeide_2.0.0/plugins/com.st.stm32cube.ide.mcu.externaltools.gnu-tools-for-stm32.13.3.rel1.linux64_1.0.100.202509120712/tools/bin/../lib/gcc/arm-none-eabi/13.3.1/../../../../arm-none-eabi/lib/thumb/v7-m/nofp/libc_nano.a(libc_a-reent.o)
                              /opt/st/stm32cubeide_2.0.0/plugins/com.st.stm32cube.ide.mcu.externaltools.gnu-tools-for-stm32.13.3.rel1.linux64_1.0.100.202509120712/tools/bin/../lib/gcc/arm-none-eabi/13.3.1/../../../../arm-none-eabi/lib/thumb/v7-m/nofp/libc_nano.a(libc_a-closer.o) (errno)
/opt/st/stm32cubeide_2.0.0/plugins/com.st.stm32cube.ide.mcu.externaltools.gnu-tools-for-stm32.13.3.rel1.linux64_1.0.100.202509120712/tools/bin/../lib/gcc/arm-none-eabi/13.3.1/../../../../arm-none-eabi/lib/thumb/v7-m/nofp/libc_nano.a(libc_a-impure.o)
                              /opt/st/stm32cubeide_2.0.0/plugins/com.st.stm32cube.ide.mcu.externaltools.gnu-tools-for-stm32.13.3.rel1.linux64_1.0.100.202509120712/tools/bin/../lib/gcc/arm-none-eabi/13.3.1/../../../../arm-none-eabi/lib/thumb/v7-m/nofp/libc_nano.a(libc_a-reent.o) (_impure_ptr)
/opt/st/stm32cubeide_2.0.0/plugins/com.st.stm32cube.ide.mcu.externaltools.gnu-tools-for-stm32.13.3.rel1.linux64_1.0.100.202509120712/tools/bin/../lib/gcc/arm-none-eabi/13.3.1/../../../../arm-none-eabi/lib/thumb/v7-m/nofp/libc_nano.a(libc_a-lseekr.o)
                              /opt/st/stm32cubeide_2.0.0/plugins/com.st.stm32cube.ide.mcu.externaltools.gnu-tools-for-stm32.13.3.rel1.linux64_1.0.100.202509120712/tools/bin/../lib/gcc/arm-none-eabi/13.3.1/../../../../arm-none-eabi/lib/thumb/v7-m/nofp/libc_nano.a(libc_a-stdio.o) (_lseek_r)
[...]
Memory Configuration

Name             Origin             Length             Attributes
RAM              0x20000000         0x00005000         xrw
FLASH            0x08000000         0x00010000         xr
*default*        0x00000000         0xffffffff

Linker script and memory map

LOAD /opt/st/stm32cubeide_2.0.0/plugins/com.st.stm32cube.ide.mcu.externaltools.gnu-tools-for-stm32.13.3.rel1.linux64_1.0.100.202509120712/tools/bin/../lib/gcc/arm-none-eabi/13.3.1/thumb/v7-m/nofp/crti.o
LOAD /opt/st/stm32cubeide_2.0.0/plugins/com.st.stm32cube.ide.mcu.externaltools.gnu-tools-for-stm32.13.3.rel1.linux64_1.0.100.202509120712/tools/bin/../lib/gcc/arm-none-eabi/13.3.1/thumb/v7-m/nofp/crtbegin.o
LOAD /opt/st/stm32cubeide_2.0.0/plugins/com.st.stm32cube.ide.mcu.externaltools.gnu-tools-for-stm32.13.3.rel1.linux64_1.0.100.202509120712/tools/bin/../lib/gcc/arm-none-eabi/13.3.1/../../../../arm-none-eabi/lib/thumb/v7-m/nofp/crt0.o
LOAD ./Core/Src/main.o
LOAD ./Core/Src/stm32f1xx_hal_msp.o
LOAD ./Core/Src/stm32f1xx_it.o
LOAD ./Core/Src/syscalls.o
LOAD ./Core/Src/sysmem.o
LOAD ./Core/Src/system_stm32f1xx.o
LOAD ./Core/Startup/startup_stm32f103c8tx.o
LOAD ./Drivers/STM32F1xx_HAL_Driver/Src/stm32f1xx_hal.o
LOAD ./Drivers/STM32F1xx_HAL_Driver/Src/stm32f1xx_hal_adc.o
LOAD ./Drivers/STM32F1xx_HAL_Driver/Src/stm32f1xx_hal_adc_ex.o
LOAD ./Drivers/STM32F1xx_HAL_Driver/Src/stm32f1xx_hal_cortex.o
LOAD ./Drivers/STM32F1xx_HAL_Driver/Src/stm32f1xx_hal_dma.o
LOAD ./Drivers/STM32F1xx_HAL_Driver/Src/stm32f1xx_hal_exti.o
LOAD ./Drivers/STM32F1xx_HAL_Driver/Src/stm32f1xx_hal_flash.o
LOAD ./Drivers/STM32F1xx_HAL_Driver/Src/stm32f1xx_hal_flash_ex.o
LOAD ./Drivers/STM32F1xx_HAL_Driver/Src/stm32f1xx_hal_gpio.o
LOAD ./Drivers/STM32F1xx_HAL_Driver/Src/stm32f1xx_hal_gpio_ex.o
LOAD ./Drivers/STM32F1xx_HAL_Driver/Src/stm32f1xx_hal_pcd.o
LOAD ./Drivers/STM32F1xx_HAL_Driver/Src/stm32f1xx_hal_pcd_ex.o
LOAD ./Drivers/STM32F1xx_HAL_Driver/Src/stm32f1xx_hal_pwr.o
LOAD ./Drivers/STM32F1xx_HAL_Driver/Src/stm32f1xx_hal_rcc.o
LOAD ./Drivers/STM32F1xx_HAL_Driver/Src/stm32f1xx_hal_rcc_ex.o
LOAD ./Drivers/STM32F1xx_HAL_Driver/Src/stm32f1xx_hal_tim.o
LOAD ./Drivers/STM32F1xx_HAL_Driver/Src/stm32f1xx_hal_tim_ex.o
LOAD ./Drivers/STM32F1xx_HAL_Driver/Src/stm32f1xx_ll_usb.o
LOAD ./Middlewares/ST/STM32_USB_Device_Library/Class/CDC/Src/usbd_cdc.o
LOAD ./Middlewares/ST/STM32_USB_Device_Library/Core/Src/usbd_core.o
LOAD ./Middlewares/ST/STM32_USB_Device_Library/Core/Src/usbd_ctlreq.o
LOAD ./Middlewares/ST/STM32_USB_Device_Library/Core/Src/usbd_ioreq.o
LOAD ./USB_DEVICE/App/usb_device.o
LOAD ./USB_DEVICE/App/usbd_cdc_if.o
LOAD ./USB_DEVICE/App/usbd_desc.o
LOAD ./USB_DEVICE/Target/usbd_conf.o
START GROUP
LOAD /opt/st/stm32cubeide_2.0.0/plugins/com.st.stm32cube.ide.mcu.externaltools.gnu-tools-for-stm32.13.3.rel1.linux64_1.0.100.202509120712/tools/bin/../lib/gcc/arm-none-eabi/13.3.1/../../../../arm-none-eabi/lib/thumb/v7-m/nofp/libc_nano.a
LOAD /opt/st/stm32cubeide_2.0.0/plugins/com.st.stm32cube.ide.mcu.externaltools.gnu-tools-for-stm32.13.3.rel1.linux64_1.0.100.202509120712/tools/bin/../lib/gcc/arm-none-eabi/13.3.1/../../../../arm-none-eabi/lib/thumb/v7-m/nofp/libm.a
END GROUP
START GROUP
LOAD /opt/st/stm32cubeide_2.0.0/plugins/com.st.stm32cube.ide.mcu.externaltools.gnu-tools-for-stm32.13.3.rel1.linux64_1.0.100.202509120712/tools/bin/../lib/gcc/arm-none-eabi/13.3.1/thumb/v7-m/nofp/libgcc.a
LOAD /opt/st/stm32cubeide_2.0.0/plugins/com.st.stm32cube.ide.mcu.externaltools.gnu-tools-for-stm32.13.3.rel1.linux64_1.0.100.202509120712/tools/bin/../lib/gcc/arm-none-eabi/13.3.1/../../../../arm-none-eabi/lib/thumb/v7-m/nofp/libc_nano.a
END GROUP
START GROUP
LOAD /opt/st/stm32cubeide_2.0.0/plugins/com.st.stm32cube.ide.mcu.externaltools.gnu-tools-for-stm32.13.3.rel1.linux64_1.0.100.202509120712/tools/bin/../lib/gcc/arm-none-eabi/13.3.1/thumb/v7-m/nofp/libgcc.a
LOAD /opt/st/stm32cubeide_2.0.0/plugins/com.st.stm32cube.ide.mcu.externaltools.gnu-tools-for-stm32.13.3.rel1.linux64_1.0.100.202509120712/tools/bin/../lib/gcc/arm-none-eabi/13.3.1/../../../../arm-none-eabi/lib/thumb/v7-m/nofp/libc_nano.a
LOAD /opt/st/stm32cubeide_2.0.0/plugins/com.st.stm32cube.ide.mcu.externaltools.gnu-tools-for-stm32.13.3.rel1.linux64_1.0.100.202509120712/tools/bin/../lib/gcc/arm-none-eabi/13.3.1/../../../../arm-none-eabi/lib/thumb/v7-m/nofp/libnosys.a
END GROUP
START GROUP
LOAD /opt/st/stm32cubeide_2.0.0/plugins/com.st.stm32cube.ide.mcu.externaltools.gnu-tools-for-stm32.13.3.rel1.linux64_1.0.100.202509120712/tools/bin/../lib/gcc/arm-none-eabi/13.3.1/thumb/v7-m/nofp/libgcc.a
LOAD /opt/st/stm32cubeide_2.0.0/plugins/com.st.stm32cube.ide.mcu.externaltools.gnu-tools-for-stm32.13.3.rel1.linux64_1.0.100.202509120712/tools/bin/../lib/gcc/arm-none-eabi/13.3.1/../../../../arm-none-eabi/lib/thumb/v7-m/nofp/libc_nano.a
LOAD /opt/st/stm32cubeide_2.0.0/plugins/com.st.stm32cube.ide.mcu.externaltools.gnu-tools-for-stm32.13.3.rel1.linux64_1.0.100.202509120712/tools/bin/../lib/gcc/arm-none-eabi/13.3.1/../../../../arm-none-eabi/lib/thumb/v7-m/nofp/libnosys.a
END GROUP
LOAD /opt/st/stm32cubeide_2.0.0/plugins/com.st.stm32cube.ide.mcu.externaltools.gnu-tools-for-stm32.13.3.rel1.linux64_1.0.100.202509120712/tools/bin/../lib/gcc/arm-none-eabi/13.3.1/thumb/v7-m/nofp/crtend.o
LOAD /opt/st/stm32cubeide_2.0.0/plugins/com.st.stm32cube.ide.mcu.externaltools.gnu-tools-for-stm32.13.3.rel1.linux64_1.0.100.202509120712/tools/bin/../lib/gcc/arm-none-eabi/13.3.1/thumb/v7-m/nofp/crtn.o
                0x20005000                        _estack = (ORIGIN (RAM) + LENGTH (RAM))
                0x00000200                        _Min_Heap_Size = 0x200
                0x00000400                        _Min_Stack_Size = 0x400

.isr_vector     0x08000000      0x10c
                0x08000000                        . = ALIGN (0x4)
 *(.isr_vector)
 .isr_vector    0x08000000      0x10c ./Core/Startup/startup_stm32f103c8tx.o
                0x08000000                g_pfnVectors
                0x0800010c                        . = ALIGN (0x4)

.text           0x0800010c     0x9b3c
                0x0800010c                        . = ALIGN (0x4)
 *(.text)
 .text          0x0800010c       0x40 /opt/st/stm32cubeide_2.0.0/plugins/com.st.stm32cube.ide.mcu.externaltools.gnu-tools-for-stm32.13.3.rel1.linux64_1.0.100.202509120712/tools/bin/../lib/gcc/arm-none-eabi/13.3.1/thumb/v7-m/nofp/crtbegin.o
 *(.text*)
 .text.HAL_ADC_ConvCpltCallback
                0x0800014c       0x1c ./Core/Src/main.o
                0x0800014c                HAL_ADC_ConvCpltCallback
 .text.main     0x08000168      0x1c0 ./Core/Src/main.o
                0x08000168                main
 .text.SystemClock_Config
                0x08000328       0xba ./Core/Src/main.o
                0x08000328                SystemClock_Config
 *fill*         0x080003e2        0x2 
 .text.MX_ADC1_Init
                0x080003e4       0x7c ./Core/Src/main.o
 .text.MX_TIM1_Init
                0x08000460      0x170 ./Core/Src/main.o
 .text.MX_TIM2_Init
                0x080005d0      0x14c ./Core/Src/main.o
 .text.MX_TIM3_Init
                0x0800071c       0xec ./Core/Src/main.o
 .text.MX_TIM4_Init
                0x08000808      0x118 ./Core/Src/main.o
 .text.MX_DMA_Init
                0x08000920       0x3c ./Core/Src/main.o
 .text.MX_GPIO_Init
                0x0800095c       0xd8 ./Core/Src/main.o
 .text.Error_Handler
                0x08000a34        0xc ./Core/Src/main.o
                0x08000a34                Error_Handler
 .text.HAL_MspInit
                0x08000a40       0x64 ./Core/Src/stm32f1xx_hal_msp.o
                0x08000a40                HAL_MspInit
 .text.HAL_ADC_MspInit
                0x08000aa4       0xd0 ./Core/Src/stm32f1xx_hal_msp.o
                0x08000aa4                HAL_ADC_MspInit
 .text.HAL_TIM_Base_MspInit
                0x08000b74       0xb0 ./Core/Src/stm32f1xx_hal_msp.o
                0x08000b74                HAL_TIM_Base_MspInit
 .text.HAL_TIM_MspPostInit
                0x08000c24      0x150 ./Core/Src/stm32f1xx_hal_msp.o
                0x08000c24                HAL_TIM_MspPostInit
 .text.NMI_Handler
                0x08000d74        0x8 ./Core/Src/stm32f1xx_it.o
                0x08000d74                NMI_Handler
 .text.HardFault_Handler
                0x08000d7c        0x8 ./Core/Src/stm32f1xx_it.o
                0x08000d7c                HardFault_Handler
 .text.MemManage_Handler
                0x08000d84        0x8 ./Core/Src/stm32f1xx_it.o
                0x08000d84                MemManage_Handler
 .text.BusFault_Handler
                0x08000d8c        0x8 ./Core/Src/stm32f1xx_it.o
                0x08000d8c                BusFault_Handler
 .text.UsageFault_Handler
                0x08000d94        0x8 ./Core/Src/stm32f1xx_it.o
                0x08000d94                UsageFault_Handler
 .text.SVC_Handler
                0x08000d9c        0xc ./Core/Src/stm32f1xx_it.o
                0x08000d9c                SVC_Handler
 .text.DebugMon_Handler
                0x08000da8        0xc ./Core/Src/stm32f1xx_it.o
                0x08000da8                DebugMon_Handler
 .text.PendSV_Handler
                0x08000db4        0xc ./Core/Src/stm32f1xx_it.o
                0x08000db4                PendSV_Handler
 .text.SysTick_Handler
                0x08000dc0        0xc ./Core/Src/stm32f1xx_it.o
                0x08000dc0                SysTick_Handler
 .text.DMA1_Channel1_IRQHandler
                0x08000dcc       0x14 ./Core/Src/stm32f1xx_it.o
                0x08000dcc                DMA1_Channel1_IRQHandler
 .text.USB_LP_CAN1_RX0_IRQHandler
                0x08000de0       0x14 ./Core/Src/stm32f1xx_it.o
                0x08000de0                USB_LP_CAN1_RX0_IRQHandler
 .text.SystemInit
                0x08000df4        0xc ./Core/Src/system_stm32f1xx.o
                0x08000df4                SystemInit
 .text.Reset_Handler
                0x08000e00       0x48 ./Core/Startup/startup_stm32f103c8tx.o
                0x08000e00                Reset_Handler
 .text.Default_Handler
                0x08000e48        0x2 ./Core/Startup/startup_stm32f103c8tx.o
                0x08000e48                RTC_Alarm_IRQHandler
                0x08000e48                EXTI2_IRQHandler
                0x08000e48                TIM1_CC_IRQHandler
                0x08000e48                PVD_IRQHandler
                0x08000e48                EXTI3_IRQHandler
                0x08000e48                EXTI0_IRQHandler
                0x08000e48                I2C2_EV_IRQHandler
                0x08000e48                ADC1_2_IRQHandler
                0x08000e48                SPI1_IRQHandler
                0x08000e48                TAMPER_IRQHandler
                0x08000e48                DMA1_Channel4_IRQHandler
                0x08000e48                USART3_IRQHandler
                0x08000e48                RTC_IRQHandler
                0x08000e48                DMA1_Channel7_IRQHandler
                0x08000e48                CAN1_RX1_IRQHandler
                0x08000e48                TIM4_IRQHandler
                0x08000e48                I2C1_EV_IRQHandler
                0x08000e48                DMA1_Channel6_IRQHandler
                0x08000e48                TIM3_IRQHandler
                0x08000e48                RCC_IRQHandler
                0x08000e48                TIM1_TRG_COM_IRQHandler
                0x08000e48                Default_Handler
                0x08000e48                EXTI15_10_IRQHandler
                0x08000e48                EXTI9_5_IRQHandler
                0x08000e48                SPI2_IRQHandler
                0x08000e48                DMA1_Channel5_IRQHandler
                0x08000e48                EXTI4_IRQHandler
                0x08000e48                USB_HP_CAN1_TX_IRQHandler
                0x08000e48                DMA1_Channel3_IRQHandler
                0x08000e48                TIM1_UP_IRQHandler
                0x08000e48                WWDG_IRQHandler
                0x08000e48                TIM2_IRQHandler
                0x08000e48                TIM1_BRK_IRQHandler
                0x08000e48                EXTI1_IRQHandler
                0x08000e48                USART2_IRQHandler
                0x08000e48                I2C2_ER_IRQHandler
                0x08000e48                DMA1_Channel2_IRQHandler
                0x08000e48                CAN1_SCE_IRQHandler
                0x08000e48                FLASH_IRQHandler
                0x08000e48                USART1_IRQHandler
                0x08000e48                I2C1_ER_IRQHandler
                0x08000e48                USBWakeUp_IRQHandler
 *fill*         0x08000e4a        0x2 
 .text.HAL_Init
                0x08000e4c       0x2c ./Drivers/STM32F1xx_HAL_Driver/Src/stm32f1xx_hal.o
                0x08000e4c                HAL_Init
 .text.HAL_InitTick
                0x08000e78       0x60 ./Drivers/STM32F1xx_HAL_Driver/Src/stm32f1xx_hal.o
                0x08000e78                HAL_InitTick
 .text.HAL_IncTick
                0x08000ed8       0x24 ./Drivers/STM32F1xx_HAL_Driver/Src/stm32f1xx_hal.o
                0x08000ed8                HAL_IncTick
 .text.HAL_GetTick
                0x08000efc       0x14 ./Drivers/STM32F1xx_HAL_Driver/Src/stm32f1xx_hal.o
                0x08000efc                HAL_GetTick
 .text.HAL_ADC_Init
                0x08000f10      0x1b0 ./Drivers/STM32F1xx_HAL_Driver/Src/stm32f1xx_hal_adc.o
                0x08000f10                HAL_ADC_Init
 .text.HAL_ADC_Start_DMA
                0x080010c0      0x1bc ./Drivers/STM32F1xx_HAL_Driver/Src/stm32f1xx_hal_adc.o
                0x080010c0                HAL_ADC_Start_DMA
 .text.HAL_ADC_ConvHalfCpltCallback
                0x0800127c       0x12 ./Drivers/STM32F1xx_HAL_Driver/Src/stm32f1xx_hal_adc.o
                0x0800127c                HAL_ADC_ConvHalfCpltCallback
 .text.HAL_ADC_ErrorCallback
                0x0800128e       0x12 ./Drivers/STM32F1xx_HAL_Driver/Src/stm32f1xx_hal_adc.o
                0x0800128e                HAL_ADC_ErrorCallback
 .text.HAL_ADC_ConfigChannel
                0x080012a0      0x1f0 ./Drivers/STM32F1xx_HAL_Driver/Src/stm32f1xx_hal_adc.o
                0x080012a0                HAL_ADC_ConfigChannel
 .text.ADC_Enable
                0x08001490       0xb4 ./Drivers/STM32F1xx_HAL_Driver/Src/stm32f1xx_hal_adc.o
                0x08001490                ADC_Enable
 .text.ADC_ConversionStop_Disable
                0x08001544       0x82 ./Drivers/STM32F1xx_HAL_Driver/Src/stm32f1xx_hal_adc.o
                0x08001544                ADC_ConversionStop_Disable
 .text.ADC_DMAConvCplt
                0x080015c6       0x7c ./Drivers/STM32F1xx_HAL_Driver/Src/stm32f1xx_hal_adc.o
                0x080015c6                ADC_DMAConvCplt
 .text.ADC_DMAHalfConvCplt
                0x08001642       0x1c ./Drivers/STM32F1xx_HAL_Driver/Src/stm32f1xx_hal_adc.o
                0x08001642                ADC_DMAHalfConvCplt
 .text.ADC_DMAError
                0x0800165e       0x34 ./Drivers/STM32F1xx_HAL_Driver/Src/stm32f1xx_hal_adc.o
                0x0800165e                ADC_DMAError
 *fill*         0x08001692        0x2 
 .text.__NVIC_SetPriorityGrouping
                0x08001694       0x48 ./Drivers/STM32F1xx_HAL_Driver/Src/stm32f1xx_hal_cortex.o
 .text.__NVIC_GetPriorityGrouping
                0x080016dc       0x1c ./Drivers/STM32F1xx_HAL_Driver/Src/stm32f1xx_hal_cortex.o
 .text.__NVIC_EnableIRQ
                0x080016f8       0x38 ./Drivers/STM32F1xx_HAL_Driver/Src/stm32f1xx_hal_cortex.o
 .text.__NVIC_SetPriority
                0x08001730       0x54 ./Drivers/STM32F1xx_HAL_Driver/Src/stm32f1xx_hal_cortex.o
 .text.NVIC_EncodePriority
                0x08001784       0x64 ./Drivers/STM32F1xx_HAL_Driver/Src/stm32f1xx_hal_cortex.o
 .text.SysTick_Config
                0x080017e8       0x44 ./Drivers/STM32F1xx_HAL_Driver/Src/stm32f1xx_hal_cortex.o
 .text.HAL_NVIC_SetPriorityGrouping
                0x0800182c       0x16 ./Drivers/STM32F1xx_HAL_Driver/Src/stm32f1xx_hal_cortex.o
                0x0800182c                HAL_NVIC_SetPriorityGrouping
 .text.HAL_NVIC_SetPriority
                0x08001842       0x38 ./Drivers/STM32F1xx_HAL_Driver/Src/stm32f1xx_hal_cortex.o
                0x08001842                HAL_NVIC_SetPriority
 .text.HAL_NVIC_EnableIRQ
                0x0800187a       0x1c ./Drivers/STM32F1xx_HAL_Driver/Src/stm32f1xx_hal_cortex.o
                0x0800187a                HAL_NVIC_EnableIRQ
 .text.HAL_SYSTICK_Config
                0x08001896       0x18 ./Drivers/STM32F1xx_HAL_Driver/Src/stm32f1xx_hal_cortex.o
                0x08001896                HAL_SYSTICK_Config
 *fill*         0x080018ae        0x2 
 .text.HAL_DMA_Init
                0x080018b0       0xb4 ./Drivers/STM32F1xx_HAL_Driver/Src/stm32f1xx_hal_dma.o
                0x080018b0                HAL_DMA_Init
 .text.HAL_DMA_Start_IT
                0x08001964       0xc0 ./Drivers/STM32F1xx_HAL_Driver/Src/stm32f1xx_hal_dma.o
                0x08001964                HAL_DMA_Start_IT
 .text.HAL_DMA_IRQHandler
                0x08001a24      0x20c ./Drivers/STM32F1xx_HAL_Driver/Src/stm32f1xx_hal_dma.o
                0x08001a24                HAL_DMA_IRQHandler
 .text.DMA_SetConfig
                0x08001c30       0x5a ./Drivers/STM32F1xx_HAL_Driver/Src/stm32f1xx_hal_dma.o
 *fill*         0x08001c8a        0x2 
 .text.HAL_GPIO_Init
                0x08001c8c      0x308 ./Drivers/STM32F1xx_HAL_Driver/Src/stm32f1xx_hal_gpio.o
                0x08001c8c                HAL_GPIO_Init
 .text.HAL_GPIO_WritePin
                0x08001f94       0x30 ./Drivers/STM32F1xx_HAL_Driver/Src/stm32f1xx_hal_gpio.o
                0x08001f94                HAL_GPIO_WritePin
 .text.HAL_GPIO_TogglePin
                0x08001fc4       0x32 ./Drivers/STM32F1xx_HAL_Driver/Src/stm32f1xx_hal_gpio.o
                0x08001fc4                HAL_GPIO_TogglePin
 .text.HAL_PCD_Init
                0x08001ff6      0x1ec ./Drivers/STM32F1xx_HAL_Driver/Src/stm32f1xx_hal_pcd.o
                0x08001ff6                HAL_PCD_Init
 .text.HAL_PCD_Start
                0x080021e2       0x4c ./Drivers/STM32F1xx_HAL_Driver/Src/stm32f1xx_hal_pcd.o
                0x080021e2                HAL_PCD_Start
 .text.HAL_PCD_IRQHandler
                0x0800222e      0x260 ./Drivers/STM32F1xx_HAL_Driver/Src/stm32f1xx_hal_pcd.o
                0x0800222e                HAL_PCD_IRQHandler
 .text.HAL_PCD_SetAddress
                0x0800248e       0x48 ./Drivers/STM32F1xx_HAL_Driver/Src/stm32f1xx_hal_pcd.o
                0x0800248e                HAL_PCD_SetAddress
 .text.HAL_PCD_EP_Open
                0x080024d6       0xba ./Drivers/STM32F1xx_HAL_Driver/Src/stm32f1xx_hal_pcd.o
                0x080024d6                HAL_PCD_EP_Open
 .text.HAL_PCD_EP_Close
                0x08002590       0x90 ./Drivers/STM32F1xx_HAL_Driver/Src/stm32f1xx_hal_pcd.o
                0x08002590                HAL_PCD_EP_Close
 .text.HAL_PCD_EP_Receive
                0x08002620       0x62 ./Drivers/STM32F1xx_HAL_Driver/Src/stm32f1xx_hal_pcd.o
                0x08002620                HAL_PCD_EP_Receive
 .text.HAL_PCD_EP_GetRxCount
                0x08002682       0x2e ./Drivers/STM32F1xx_HAL_Driver/Src/stm32f1xx_hal_pcd.o
                0x08002682                HAL_PCD_EP_GetRxCount
 .text.HAL_PCD_EP_Transmit
                0x080026b0       0x6e ./Drivers/STM32F1xx_HAL_Driver/Src/stm32f1xx_hal_pcd.o
                0x080026b0                HAL_PCD_EP_Transmit
 .text.HAL_PCD_EP_SetStall
                0x0800271e       0xc0 ./Drivers/STM32F1xx_HAL_Driver/Src/stm32f1xx_hal_pcd.o
                0x0800271e                HAL_PCD_EP_SetStall
 .text.HAL_PCD_EP_ClrStall
                0x080027de       0xa8 ./Drivers/STM32F1xx_HAL_Driver/Src/stm32f1xx_hal_pcd.o
                0x080027de                HAL_PCD_EP_ClrStall
 .text.PCD_EP_ISR_Handler
                0x08002886      0x79e ./Drivers/STM32F1xx_HAL_Driver/Src/stm32f1xx_hal_pcd.o
 .text.HAL_PCD_EP_DB_Receive
                0x08003024      0x21a ./Drivers/STM32F1xx_HAL_Driver/Src/stm32f1xx_hal_pcd.o
 .text.HAL_PCD_EP_DB_Transmit
                0x0800323e      0x7f4 ./Drivers/STM32F1xx_HAL_Driver/Src/stm32f1xx_hal_pcd.o
 .text.HAL_PCDEx_PMAConfig
                0x08003a32       0x84 ./Drivers/STM32F1xx_HAL_Driver/Src/stm32f1xx_hal_pcd_ex.o
                0x08003a32                HAL_PCDEx_PMAConfig
 *fill*         0x08003ab6        0x2 
 .text.HAL_RCC_OscConfig
                0x08003ab8      0x504 ./Drivers/STM32F1xx_HAL_Driver/Src/stm32f1xx_hal_rcc.o
                0x08003ab8                HAL_RCC_OscConfig
 .text.HAL_RCC_ClockConfig
                0x08003fbc      0x1d4 ./Drivers/STM32F1xx_HAL_Driver/Src/stm32f1xx_hal_rcc.o
                0x08003fbc                HAL_RCC_ClockConfig
 .text.HAL_RCC_GetSysClockFreq
                0x08004190       0xa8 ./Drivers/STM32F1xx_HAL_Driver/Src/stm32f1xx_hal_rcc.o
                0x08004190                HAL_RCC_GetSysClockFreq
 .text.RCC_Delay
                0x08004238       0x3c ./Drivers/STM32F1xx_HAL_Driver/Src/stm32f1xx_hal_rcc.o
 .text.HAL_RCCEx_PeriphCLKConfig
                0x08004274      0x16c ./Drivers/STM32F1xx_HAL_Driver/Src/stm32f1xx_hal_rcc_ex.o
                0x08004274                HAL_RCCEx_PeriphCLKConfig
 .text.HAL_TIM_Base_Init
                0x080043e0       0x9e ./Drivers/STM32F1xx_HAL_Driver/Src/stm32f1xx_hal_tim.o
                0x080043e0                HAL_TIM_Base_Init
 .text.HAL_TIM_OC_Init
                0x0800447e       0x9e ./Drivers/STM32F1xx_HAL_Driver/Src/stm32f1xx_hal_tim.o
                0x0800447e                HAL_TIM_OC_Init
 .text.HAL_TIM_OC_MspInit
                0x0800451c       0x12 ./Drivers/STM32F1xx_HAL_Driver/Src/stm32f1xx_hal_tim.o
                0x0800451c                HAL_TIM_OC_MspInit
 *fill*         0x0800452e        0x2 
 .text.HAL_TIM_OC_Start
                0x08004530      0x144 ./Drivers/STM32F1xx_HAL_Driver/Src/stm32f1xx_hal_tim.o
                0x08004530                HAL_TIM_OC_Start
 .text.HAL_TIM_PWM_Init
                0x08004674       0x9e ./Drivers/STM32F1xx_HAL_Driver/Src/stm32f1xx_hal_tim.o
                0x08004674                HAL_TIM_PWM_Init
 .text.HAL_TIM_PWM_MspInit
                0x08004712       0x12 ./Drivers/STM32F1xx_HAL_Driver/Src/stm32f1xx_hal_tim.o
                0x08004712                HAL_TIM_PWM_MspInit
 .text.HAL_TIM_PWM_Start
                0x08004724      0x144 ./Drivers/STM32F1xx_HAL_Driver/Src/stm32f1xx_hal_tim.o
                0x08004724                HAL_TIM_PWM_Start
 .text.HAL_TIM_OC_ConfigChannel
                0x08004868       0xb8 ./Drivers/STM32F1xx_HAL_Driver/Src/stm32f1xx_hal_tim.o
                0x08004868                HAL_TIM_OC_ConfigChannel
 .text.HAL_TIM_PWM_ConfigChannel
                0x08004920      0x184 ./Drivers/STM32F1xx_HAL_Driver/Src/stm32f1xx_hal_tim.o
                0x08004920                HAL_TIM_PWM_ConfigChannel
 .text.HAL_TIM_ConfigClockSource
                0x08004aa4      0x18e ./Drivers/STM32F1xx_HAL_Driver/Src/stm32f1xx_hal_tim.o
                0x08004aa4                HAL_TIM_ConfigClockSource
 .text.HAL_TIM_SlaveConfigSynchro
                0x08004c32       0x84 ./Drivers/STM32F1xx_HAL_Driver/Src/stm32f1xx_hal_tim.o
                0x08004c32                HAL_TIM_SlaveConfigSynchro
 *fill*         0x08004cb6        0x2 
 .text.TIM_Base_SetConfig
                0x08004cb8       0xdc ./Drivers/STM32F1xx_HAL_Driver/Src/stm32f1xx_hal_tim.o
                0x08004cb8                TIM_Base_SetConfig
 .text.TIM_OC1_SetConfig
                0x08004d94       0xcc ./Drivers/STM32F1xx_HAL_Driver/Src/stm32f1xx_hal_tim.o
 .text.TIM_OC2_SetConfig
                0x08004e60       0xd4 ./Drivers/STM32F1xx_HAL_Driver/Src/stm32f1xx_hal_tim.o
                0x08004e60                TIM_OC2_SetConfig
 .text.TIM_OC3_SetConfig
                0x08004f34       0xd4 ./Drivers/STM32F1xx_HAL_Driver/Src/stm32f1xx_hal_tim.o
 .text.TIM_OC4_SetConfig
                0x08005008       0x9c ./Drivers/STM32F1xx_HAL_Driver/Src/stm32f1xx_hal_tim.o
 .text.TIM_SlaveTimer_SetConfig
                0x080050a4      0x122 ./Drivers/STM32F1xx_HAL_Driver/Src/stm32f1xx_hal_tim.o
 .text.TIM_TI1_ConfigInputStage
                0x080051c6       0x5c ./Drivers/STM32F1xx_HAL_Driver/Src/stm32f1xx_hal_tim.o
 .text.TIM_TI2_ConfigInputStage
                0x08005222       0x5e ./Drivers/STM32F1xx_HAL_Driver/Src/stm32f1xx_hal_tim.o
 .text.TIM_ITRx_SetConfig
                0x08005280       0x34 ./Drivers/STM32F1xx_HAL_Driver/Src/stm32f1xx_hal_tim.o
 .text.TIM_ETR_SetConfig
                0x080052b4       0x3e ./Drivers/STM32F1xx_HAL_Driver/Src/stm32f1xx_hal_tim.o
                0x080052b4                TIM_ETR_SetConfig
 .text.TIM_CCxChannelCmd
                0x080052f2       0x48 ./Drivers/STM32F1xx_HAL_Driver/Src/stm32f1xx_hal_tim.o
                0x080052f2                TIM_CCxChannelCmd
 *fill*         0x0800533a        0x2 
 .text.HAL_TIMEx_MasterConfigSynchronization
                0x0800533c       0xbc ./Drivers/STM32F1xx_HAL_Driver/Src/stm32f1xx_hal_tim_ex.o
                0x0800533c                HAL_TIMEx_MasterConfigSynchronization
 .text.HAL_TIMEx_ConfigBreakDeadTime
                0x080053f8       0xa2 ./Drivers/STM32F1xx_HAL_Driver/Src/stm32f1xx_hal_tim_ex.o
                0x080053f8                HAL_TIMEx_ConfigBreakDeadTime
 .text.USB_CoreInit
                0x0800549a       0x1a ./Drivers/STM32F1xx_HAL_Driver/Src/stm32f1xx_ll_usb.o
                0x0800549a                USB_CoreInit
 .text.USB_EnableGlobalInt
                0x080054b4       0x2c ./Drivers/STM32F1xx_HAL_Driver/Src/stm32f1xx_ll_usb.o
                0x080054b4                USB_EnableGlobalInt
 .text.USB_DisableGlobalInt
                0x080054e0       0x34 ./Drivers/STM32F1xx_HAL_Driver/Src/stm32f1xx_ll_usb.o
                0x080054e0                USB_DisableGlobalInt
 .text.USB_SetCurrentMode
                0x08005514       0x18 ./Drivers/STM32F1xx_HAL_Driver/Src/stm32f1xx_ll_usb.o
                0x08005514                USB_SetCurrentMode
 .text.USB_DevInit
                0x0800552c       0x3a ./Drivers/STM32F1xx_HAL_Driver/Src/stm32f1xx_ll_usb.o
                0x0800552c                USB_DevInit
 *fill*         0x08005566        0x2 
 .text.USB_ActivateEndpoint
                0x08005568      0x780 ./Drivers/STM32F1xx_HAL_Driver/Src/stm32f1xx_ll_usb.o
                0x08005568                USB_ActivateEndpoint
 .text.USB_DeactivateEndpoint
                0x08005ce8      0x3d8 ./Drivers/STM32F1xx_HAL_Driver/Src/stm32f1xx_ll_usb.o
                0x08005ce8                USB_DeactivateEndpoint
 .text.USB_EPStartXfer
                0x080060c0     0x1762 ./Drivers/STM32F1xx_HAL_Driver/Src/stm32f1xx_ll_usb.o
                0x080060c0                USB_EPStartXfer
 .text.USB_EPSetStall
                0x08007822       0xa0 ./Drivers/STM32F1xx_HAL_Driver/Src/stm32f1xx_ll_usb.o
                0x08007822                USB_EPSetStall
 .text.USB_EPClearStall
                0x080078c2      0x15a ./Drivers/STM32F1xx_HAL_Driver/Src/stm32f1xx_ll_usb.o
                0x080078c2                USB_EPClearStall
 .text.USB_SetDevAddress
                0x08007a1c       0x26 ./Drivers/STM32F1xx_HAL_Driver/Src/stm32f1xx_ll_usb.o
                0x08007a1c                USB_SetDevAddress
 .text.USB_DevConnect
                0x08007a42       0x14 ./Drivers/STM32F1xx_HAL_Driver/Src/stm32f1xx_ll_usb.o
                0x08007a42                USB_DevConnect
 .text.USB_DevDisconnect
                0x08007a56       0x14 ./Drivers/STM32F1xx_HAL_Driver/Src/stm32f1xx_ll_usb.o
                0x08007a56                USB_DevDisconnect
 .text.USB_ReadInterrupts
                0x08007a6a       0x1e ./Drivers/STM32F1xx_HAL_Driver/Src/stm32f1xx_ll_usb.o
                0x08007a6a                USB_ReadInterrupts
 .text.USB_EP0_OutStart
                0x08007a88       0x16 ./Drivers/STM32F1xx_HAL_Driver/Src/stm32f1xx_ll_usb.o
                0x08007a88                USB_EP0_OutStart
 .text.USB_WritePMA
                0x08007a9e       0x8c ./Drivers/STM32F1xx_HAL_Driver/Src/stm32f1xx_ll_usb.o
                0x08007a9e                USB_WritePMA
 .text.USB_ReadPMA
                0x08007b2a       0x9e ./Drivers/STM32F1xx_HAL_Driver/Src/stm32f1xx_ll_usb.o
                0x08007b2a                USB_ReadPMA
 .text.USBD_CDC_Init
                0x08007bc8       0xf4 ./Middlewares/ST/STM32_USB_Device_Library/Class/CDC/Src/usbd_cdc.o
 .text.USBD_CDC_DeInit
                0x08007cbc       0x6e ./Middlewares/ST/STM32_USB_Device_Library/Class/CDC/Src/usbd_cdc.o
 .text.USBD_CDC_Setup
                0x08007d2a      0x146 ./Middlewares/ST/STM32_USB_Device_Library/Class/CDC/Src/usbd_cdc.o
 .text.USBD_CDC_DataIn
                0x08007e70       0xa6 ./Middlewares/ST/STM32_USB_Device_Library/Class/CDC/Src/usbd_cdc.o
 .text.USBD_CDC_DataOut
                0x08007f16       0x56 ./Middlewares/ST/STM32_USB_Device_Library/Class/CDC/Src/usbd_cdc.o
 .text.USBD_CDC_EP0_RxReady
                0x08007f6c       0x4e ./Middlewares/ST/STM32_USB_Device_Library/Class/CDC/Src/usbd_cdc.o
 *fill*         0x08007fba        0x2 
 .text.USBD_CDC_GetFSCfgDesc
                0x08007fbc       0x20 ./Middlewares/ST/STM32_USB_Device_Library/Class/CDC/Src/usbd_cdc.o
 .text.USBD_CDC_GetHSCfgDesc
                0x08007fdc       0x20 ./Middlewares/ST/STM32_USB_Device_Library/Class/CDC/Src/usbd_cdc.o
 .text.USBD_CDC_GetOtherSpeedCfgDesc
                0x08007ffc       0x20 ./Middlewares/ST/STM32_USB_Device_Library/Class/CDC/Src/usbd_cdc.o
 .text.USBD_CDC_GetDeviceQualifierDescriptor
                0x0800801c       0x20 ./Middlewares/ST/STM32_USB_Device_Library/Class/CDC/Src/usbd_cdc.o
                0x0800801c                USBD_CDC_GetDeviceQualifierDescriptor
 .text.USBD_CDC_RegisterInterface
                0x0800803c       0x2c ./Middlewares/ST/STM32_USB_Device_Library/Class/CDC/Src/usbd_cdc.o
                0x0800803c                USBD_CDC_RegisterInterface
 .text.USBD_CDC_SetTxBuffer
                0x08008068       0x32 ./Middlewares/ST/STM32_USB_Device_Library/Class/CDC/Src/usbd_cdc.o
                0x08008068                USBD_CDC_SetTxBuffer
 .text.USBD_CDC_SetRxBuffer
                0x0800809a       0x26 ./Middlewares/ST/STM32_USB_Device_Library/Class/CDC/Src/usbd_cdc.o
                0x0800809a                USBD_CDC_SetRxBuffer
 .text.USBD_CDC_TransmitPacket
                0x080080c0       0x5e ./Middlewares/ST/STM32_USB_Device_Library/Class/CDC/Src/usbd_cdc.o
                0x080080c0                USBD_CDC_TransmitPacket
 .text.USBD_CDC_ReceivePacket
                0x0800811e       0x54 ./Middlewares/ST/STM32_USB_Device_Library/Class/CDC/Src/usbd_cdc.o
                0x0800811e                USBD_CDC_ReceivePacket
 .text.USBD_Init
                0x08008172       0x56 ./Middlewares/ST/STM32_USB_Device_Library/Core/Src/usbd_core.o
                0x08008172                USBD_Init
 .text.USBD_RegisterClass
                0x080081c8       0x32 ./Middlewares/ST/STM32_USB_Device_Library/Core/Src/usbd_core.o
                0x080081c8                USBD_RegisterClass
 .text.USBD_Start
                0x080081fa       0x18 ./Middlewares/ST/STM32_USB_Device_Library/Core/Src/usbd_core.o
                0x080081fa                USBD_Start
 .text.USBD_RunTestMode
                0x08008212       0x14 ./Middlewares/ST/STM32_USB_Device_Library/Core/Src/usbd_core.o
                0x08008212                USBD_RunTestMode
 .text.USBD_SetClassConfig
                0x08008226       0x3e ./Middlewares/ST/STM32_USB_Device_Library/Core/Src/usbd_core.o
                0x08008226                USBD_SetClassConfig
 .text.USBD_ClrClassConfig
                0x08008264       0x26 ./Middlewares/ST/STM32_USB_Device_Library/Core/Src/usbd_core.o
                0x08008264                USBD_ClrClassConfig
 .text.USBD_LL_SetupStage
                0x0800828a       0x9a ./Middlewares/ST/STM32_USB_Device_Library/Core/Src/usbd_core.o
                0x0800828a                USBD_LL_SetupStage
 .text.USBD_LL_DataOutStage
                0x08008324       0xe2 ./Middlewares/ST/STM32_USB_Device_Library/Core/Src/usbd_core.o
                0x08008324                USBD_LL_DataOutStage
 .text.USBD_LL_DataInStage
                0x08008406      0x14a ./Middlewares/ST/STM32_USB_Device_Library/Core/Src/usbd_core.o
                0x08008406                USBD_LL_DataInStage
 .text.USBD_LL_Reset
                0x08008550       0x82 ./Middlewares/ST/STM32_USB_Device_Library/Core/Src/usbd_core.o
                0x08008550                USBD_LL_Reset
 .text.USBD_LL_SetSpeed
                0x080085d2       0x1e ./Middlewares/ST/STM32_USB_Device_Library/Core/Src/usbd_core.o
                0x080085d2                USBD_LL_SetSpeed
 .text.USBD_LL_Suspend
                0x080085f0       0x28 ./Middlewares/ST/STM32_USB_Device_Library/Core/Src/usbd_core.o
                0x080085f0                USBD_LL_Suspend
 .text.USBD_LL_Resume
                0x08008618       0x2a ./Middlewares/ST/STM32_USB_Device_Library/Core/Src/usbd_core.o
                0x08008618                USBD_LL_Resume
 .text.USBD_LL_SOF
                0x08008642       0x34 ./Middlewares/ST/STM32_USB_Device_Library/Core/Src/usbd_core.o
                0x08008642                USBD_LL_SOF
 *fill*         0x08008676        0x2 
 .text.USBD_StdDevReq
                0x08008678       0xd4 ./Middlewares/ST/STM32_USB_Device_Library/Core/Src/usbd_ctlreq.o
                0x08008678                USBD_StdDevReq
 .text.USBD_StdItfReq
                0x0800874c       0x90 ./Middlewares/ST/STM32_USB_Device_Library/Core/Src/usbd_ctlreq.o
                0x0800874c                USBD_StdItfReq
 .text.USBD_StdEPReq
                0x080087dc      0x2c6 ./Middlewares/ST/STM32_USB_Device_Library/Core/Src/usbd_ctlreq.o
                0x080087dc                USBD_StdEPReq
 *fill*         0x08008aa2        0x2 
 .text.USBD_GetDescriptor
                0x08008aa4      0x2d0 ./Middlewares/ST/STM32_USB_Device_Library/Core/Src/usbd_ctlreq.o
 .text.USBD_SetAddress
                0x08008d74       0x86 ./Middlewares/ST/STM32_USB_Device_Library/Core/Src/usbd_ctlreq.o
 *fill*         0x08008dfa        0x2 
 .text.USBD_SetConfig
                0x08008dfc      0x11c ./Middlewares/ST/STM32_USB_Device_Library/Core/Src/usbd_ctlreq.o
 .text.USBD_GetConfig
                0x08008f18       0x6a ./Middlewares/ST/STM32_USB_Device_Library/Core/Src/usbd_ctlreq.o
 .text.USBD_GetStatus
                0x08008f82       0x66 ./Middlewares/ST/STM32_USB_Device_Library/Core/Src/usbd_ctlreq.o
 .text.USBD_SetFeature
                0x08008fe8       0x28 ./Middlewares/ST/STM32_USB_Device_Library/Core/Src/usbd_ctlreq.o
 .text.USBD_ClrFeature
                0x08009010       0x42 ./Middlewares/ST/STM32_USB_Device_Library/Core/Src/usbd_ctlreq.o
 .text.USBD_ParseSetupRequest
                0x08009052       0x72 ./Middlewares/ST/STM32_USB_Device_Library/Core/Src/usbd_ctlreq.o
                0x08009052                USBD_ParseSetupRequest
 .text.USBD_CtlError
                0x080090c4       0x22 ./Middlewares/ST/STM32_USB_Device_Library/Core/Src/usbd_ctlreq.o
                0x080090c4                USBD_CtlError
 .text.USBD_GetString
                0x080090e6       0x84 ./Middlewares/ST/STM32_USB_Device_Library/Core/Src/usbd_ctlreq.o
                0x080090e6                USBD_GetString
 .text.USBD_GetLen
                0x0800916a       0x2e ./Middlewares/ST/STM32_USB_Device_Library/Core/Src/usbd_ctlreq.o
 .text.USBD_CtlSendData
                0x08009198       0x38 ./Middlewares/ST/STM32_USB_Device_Library/Core/Src/usbd_ioreq.o
                0x08009198                USBD_CtlSendData
 .text.USBD_CtlContinueSendData
                0x080091d0       0x24 ./Middlewares/ST/STM32_USB_Device_Library/Core/Src/usbd_ioreq.o
                0x080091d0                USBD_CtlContinueSendData
 .text.USBD_CtlPrepareRx
                0x080091f4       0x3c ./Middlewares/ST/STM32_USB_Device_Library/Core/Src/usbd_ioreq.o
                0x080091f4                USBD_CtlPrepareRx
 .text.USBD_CtlContinueRx
                0x08009230       0x24 ./Middlewares/ST/STM32_USB_Device_Library/Core/Src/usbd_ioreq.o
                0x08009230                USBD_CtlContinueRx
 .text.USBD_CtlSendStatus
                0x08009254       0x26 ./Middlewares/ST/STM32_USB_Device_Library/Core/Src/usbd_ioreq.o
                0x08009254                USBD_CtlSendStatus
 .text.USBD_CtlReceiveStatus
                0x0800927a       0x26 ./Middlewares/ST/STM32_USB_Device_Library/Core/Src/usbd_ioreq.o
                0x0800927a                USBD_CtlReceiveStatus
 .text.MX_USB_DEVICE_Init
                0x080092a0       0x60 ./USB_DEVICE/App/usb_device.o
                0x080092a0                MX_USB_DEVICE_Init
 .text.CDC_Init_FS
                0x08009300       0x28 ./USB_DEVICE/App/usbd_cdc_if.o
 .text.CDC_DeInit_FS
                0x08009328        0xe ./USB_DEVICE/App/usbd_cdc_if.o
 *fill*         0x08009336        0x2 
 .text.CDC_Control_FS
                0x08009338       0xbc ./USB_DEVICE/App/usbd_cdc_if.o
 .text.CDC_Receive_FS
                0x080093f4       0x28 ./USB_DEVICE/App/usbd_cdc_if.o
 .text.CDC_Transmit_FS
                0x0800941c       0x4c ./USB_DEVICE/App/usbd_cdc_if.o
                0x0800941c                CDC_Transmit_FS
 .text.USBD_FS_DeviceDescriptor
                0x08009468       0x24 ./USB_DEVICE/App/usbd_desc.o
                0x08009468                USBD_FS_DeviceDescriptor
 .text.USBD_FS_LangIDStrDescriptor
                0x0800948c       0x24 ./USB_DEVICE/App/usbd_desc.o
                0x0800948c                USBD_FS_LangIDStrDescriptor
 .text.USBD_FS_ProductStrDescriptor
                0x080094b0       0x3c ./USB_DEVICE/App/usbd_desc.o
                0x080094b0                USBD_FS_ProductStrDescriptor
 .text.USBD_FS_ManufacturerStrDescriptor
                0x080094ec       0x28 ./USB_DEVICE/App/usbd_desc.o
                0x080094ec                USBD_FS_ManufacturerStrDescriptor
 .text.USBD_FS_SerialStrDescriptor
                0x08009514       0x24 ./USB_DEVICE/App/usbd_desc.o
                0x08009514                USBD_FS_SerialStrDescriptor
 .text.USBD_FS_ConfigStrDescriptor
                0x08009538       0x3c ./USB_DEVICE/App/usbd_desc.o
                0x08009538                USBD_FS_ConfigStrDescriptor
 .text.USBD_FS_InterfaceStrDescriptor
                0x08009574       0x3c ./USB_DEVICE/App/usbd_desc.o
                0x08009574                USBD_FS_InterfaceStrDescriptor
 .text.Get_SerialNum
                0x080095b0       0x58 ./USB_DEVICE/App/usbd_desc.o
 .text.IntToUnicode
                0x08009608       0x7c ./USB_DEVICE/App/usbd_desc.o
 .text.HAL_PCD_MspInit
                0x08009684       0x4c ./USB_DEVICE/Target/usbd_conf.o
                0x08009684                HAL_PCD_MspInit
 .text.HAL_PCD_SetupStageCallback
                0x080096d0       0x24 ./USB_DEVICE/Target/usbd_conf.o
                0x080096d0                HAL_PCD_SetupStageCallback
 .text.HAL_PCD_DataOutStageCallback
                0x080096f4       0x36 ./USB_DEVICE/Target/usbd_conf.o
                0x080096f4                HAL_PCD_DataOutStageCallback
 .text.HAL_PCD_DataInStageCallback
                0x0800972a       0x34 ./USB_DEVICE/Target/usbd_conf.o
                0x0800972a                HAL_PCD_DataInStageCallback
 .text.HAL_PCD_SOFCallback
                0x0800975e       0x1c ./USB_DEVICE/Target/usbd_conf.o
                0x0800975e                HAL_PCD_SOFCallback
 .text.HAL_PCD_ResetCallback
                0x0800977a       0x3c ./USB_DEVICE/Target/usbd_conf.o
                0x0800977a                HAL_PCD_ResetCallback
 *fill*         0x080097b6        0x2 
 .text.HAL_PCD_SuspendCallback
                0x080097b8       0x34 ./USB_DEVICE/Target/usbd_conf.o
                0x080097b8                HAL_PCD_SuspendCallback
 .text.HAL_PCD_ResumeCallback
                0x080097ec       0x1c ./USB_DEVICE/Target/usbd_conf.o
                0x080097ec                HAL_PCD_ResumeCallback
 .text.USBD_LL_Init
                0x08009808       0xb4 ./USB_DEVICE/Target/usbd_conf.o
                0x08009808                USBD_LL_Init
 .text.USBD_LL_Start
                0x080098bc       0x36 ./USB_DEVICE/Target/usbd_conf.o
                0x080098bc                USBD_LL_Start
 .text.USBD_LL_OpenEP
                0x080098f2       0x4c ./USB_DEVICE/Target/usbd_conf.o
                0x080098f2                USBD_LL_OpenEP
 .text.USBD_LL_CloseEP
                0x0800993e       0x3e ./USB_DEVICE/Target/usbd_conf.o
                0x0800993e                USBD_LL_CloseEP
 .text.USBD_LL_StallEP
                0x0800997c       0x3e ./USB_DEVICE/Target/usbd_conf.o
                0x0800997c                USBD_LL_StallEP
 .text.USBD_LL_ClearStallEP
                0x080099ba       0x3e ./USB_DEVICE/Target/usbd_conf.o
                0x080099ba                USBD_LL_ClearStallEP
 .text.USBD_LL_IsStallEP
                0x080099f8       0x56 ./USB_DEVICE/Target/usbd_conf.o
                0x080099f8                USBD_LL_IsStallEP
 .text.USBD_LL_SetUSBAddress
                0x08009a4e       0x3e ./USB_DEVICE/Target/usbd_conf.o
                0x08009a4e                USBD_LL_SetUSBAddress
 .text.USBD_LL_Transmit
                0x08009a8c       0x46 ./USB_DEVICE/Target/usbd_conf.o
                0x08009a8c                USBD_LL_Transmit
 .text.USBD_LL_PrepareReceive
                0x08009ad2       0x46 ./USB_DEVICE/Target/usbd_conf.o
                0x08009ad2                USBD_LL_PrepareReceive
 .text.USBD_LL_GetRxDataSize
                0x08009b18       0x26 ./USB_DEVICE/Target/usbd_conf.o
                0x08009b18                USBD_LL_GetRxDataSize
 *fill*         0x08009b3e        0x2 
 .text.USBD_static_malloc
                0x08009b40       0x18 ./USB_DEVICE/Target/usbd_conf.o
                0x08009b40                USBD_static_malloc
 .text.USBD_static_free
                0x08009b58       0x12 ./USB_DEVICE/Target/usbd_conf.o
                0x08009b58                USBD_static_free
 .text.HAL_PCDEx_SetConnectionState
                0x08009b6a       0x16 ./USB_DEVICE/Target/usbd_conf.o
                0x08009b6a                HAL_PCDEx_SetConnectionState
 .text.USBD_Get_USB_Status
                0x08009b80       0x58 ./USB_DEVICE/Target/usbd_conf.o
 .text.memset   0x08009bd8       0x10 /opt/st/stm32cubeide_2.0.0/plugins/com.st.stm32cube.ide.mcu.externaltools.gnu-tools-for-stm32.13.3.rel1.linux64_1.0.100.202509120712/tools/bin/../lib/gcc/arm-none-eabi/13.3.1/../../../../arm-none-eabi/lib/thumb/v7-m/nofp/libc_nano.a(libc_a-memset.o)
                0x08009bd8                memset
 .text.__libc_init_array
                0x08009be8       0x48 /opt/st/stm32cubeide_2.0.0/plugins/com.st.stm32cube.ide.mcu.externaltools.gnu-tools-for-stm32.13.3.rel1.linux64_1.0.100.202509120712/tools/bin/../lib/gcc/arm-none-eabi/13.3.1/../../../../arm-none-eabi/lib/thumb/v7-m/nofp/libc_nano.a(libc_a-init.o)
                0x08009be8                __libc_init_array
 *(.glue_7)
 .glue_7        0x08009c30        0x0 linker stubs
 *(.glue_7t)
 .glue_7t       0x08009c30        0x0 linker stubs
 *(.eh_frame)
 .eh_frame      0x08009c30        0x0 /opt/st/stm32cubeide_2.0.0/plugins/com.st.stm32cube.ide.mcu.externaltools.gnu-tools-for-stm32.13.3.rel1.linux64_1.0.100.202509120712/tools/bin/../lib/gcc/arm-none-eabi/13.3.1/thumb/v7-m/nofp/crtbegin.o
 *(.init)
 .init          0x08009c30        0x4 /opt/st/stm32cubeide_2.0.0/plugins/com.st.stm32cube.ide.mcu.externaltools.gnu-tools-for-stm32.13.3.rel1.linux64_1.0.100.202509120712/tools/bin/../lib/gcc/arm-none-eabi/13.3.1/thumb/v7-m/nofp/crti.o
                0x08009c30                _init
 .init          0x08009c34        0x8 /opt/st/stm32cubeide_2.0.0/plugins/com.st.stm32cube.ide.mcu.externaltools.gnu-tools-for-stm32.13.3.rel1.linux64_1.0.100.202509120712/tools/bin/../lib/gcc/arm-none-eabi/13.3.1/thumb/v7-m/nofp/crtn.o
 *(.fini)
 .fini          0x08009c3c        0x4 /opt/st/stm32cubeide_2.0.0/plugins/com.st.stm32cube.ide.mcu.externaltools.gnu-tools-for-stm32.13.3.rel1.linux64_1.0.100.202509120712/tools/bin/../lib/gcc/arm-none-eabi/13.3.1/thumb/v7-m/nofp/crti.o
                0x08009c3c                _fini
 .fini          0x08009c40        0x8 /opt/st/stm32cubeide_2.0.0/plugins/com.st.stm32cube.ide.mcu.externaltools.gnu-tools-for-stm32.13.3.rel1.linux64_1.0.100.202509120712/tools/bin/../lib/gcc/arm-none-eabi/13.3.1/thumb/v7-m/nofp/crtn.o
                0x08009c48                        . = ALIGN (0x4)
                0x08009c48                        _etext = .

.vfp11_veneer   0x08009c48        0x0
 .vfp11_veneer  0x08009c48        0x0 linker stubs

.v4_bx          0x08009c48        0x0
 .v4_bx         0x08009c48        0x0 linker stubs

.iplt           0x08009c48        0x0
 .iplt          0x08009c48        0x0 /opt/st/stm32cubeide_2.0.0/plugins/com.st.stm32cube.ide.mcu.externaltools.gnu-tools-for-stm32.13.3.rel1.linux64_1.0.100.202509120712/tools/bin/../lib/gcc/arm-none-eabi/13.3.1/thumb/v7-m/nofp/crtbegin.o

.rodata         0x08009c48       0x6c
                0x08009c48                        . = ALIGN (0x4)
 *(.rodata)
 .rodata        0x08009c48       0x46 ./USB_DEVICE/App/usbd_desc.o
 *(.rodata*)
 *fill*         0x08009c8e        0x2 
 .rodata.AHBPrescTable
                0x08009c90       0x10 ./Core/Src/system_stm32f1xx.o
                0x08009c90                AHBPrescTable
 .rodata.aPLLMULFactorTable.1
                0x08009ca0       0x10 ./Drivers/STM32F1xx_HAL_Driver/Src/stm32f1xx_hal_rcc.o
 .rodata.aPredivFactorTable.0
                0x08009cb0        0x2 ./Drivers/STM32F1xx_HAL_Driver/Src/stm32f1xx_hal_rcc.o
                0x08009cb4                        . = ALIGN (0x4)
 *fill*         0x08009cb2        0x2 

.ARM.extab      0x08009cb4        0x0
                0x08009cb4                        . = ALIGN (0x4)
 *(.ARM.extab* .gnu.linkonce.armextab.*)
                0x08009cb4                        . = ALIGN (0x4)

.ARM            0x08009cb4        0x0
                0x08009cb4                        . = ALIGN (0x4)
                0x08009cb4                        __exidx_start = .
 *(.ARM.exidx*)
                0x08009cb4                        __exidx_end = .
                0x08009cb4                        . = ALIGN (0x4)

.preinit_array  0x08009cb4        0x0
                0x08009cb4                        . = ALIGN (0x4)
                0x08009cb4                        PROVIDE (__preinit_array_start = .)
 *(.preinit_array*)
                0x08009cb4                        PROVIDE (__preinit_array_end = .)
                0x08009cb4                        . = ALIGN (0x4)

.init_array     0x08009cb4        0x4
                0x08009cb4                        . = ALIGN (0x4)
                0x08009cb4                        PROVIDE (__init_array_start = .)
 *(SORT_BY_NAME(.init_array.*))
 *(.init_array*)
 .init_array    0x08009cb4        0x4 /opt/st/stm32cubeide_2.0.0/plugins/com.st.stm32cube.ide.mcu.externaltools.gnu-tools-for-stm32.13.3.rel1.linux64_1.0.100.202509120712/tools/bin/../lib/gcc/arm-none-eabi/13.3.1/thumb/v7-m/nofp/crtbegin.o
                0x08009cb8                        PROVIDE (__init_array_end = .)
                0x08009cb8                        . = ALIGN (0x4)

.fini_array     0x08009cb8        0x4
                0x08009cb8                        . = ALIGN (0x4)
                [!provide]                        PROVIDE (__fini_array_start = .)
 *(SORT_BY_NAME(.fini_array.*))
 *(.fini_array*)
 .fini_array    0x08009cb8        0x4 /opt/st/stm32cubeide_2.0.0/plugins/com.st.stm32cube.ide.mcu.externaltools.gnu-tools-for-stm32.13.3.rel1.linux64_1.0.100.202509120712/tools/bin/../lib/gcc/arm-none-eabi/13.3.1/thumb/v7-m/nofp/crtbegin.o
                [!provide]                        PROVIDE (__fini_array_end = .)
                0x08009cbc                        . = ALIGN (0x4)
                0x08009cbc                        _sidata = LOADADDR (.data)

.rel.dyn        0x08009cbc        0x0
 .rel.iplt      0x08009cbc        0x0 /opt/st/stm32cubeide_2.0.0/plugins/com.st.stm32cube.ide.mcu.externaltools.gnu-tools-for-stm32.13.3.rel1.linux64_1.0.100.202509120712/tools/bin/../lib/gcc/arm-none-eabi/13.3.1/thumb/v7-m/nofp/crtbegin.o

.data           0x20000000      0x184 load address 0x08009cbc
                0x20000000                        . = ALIGN (0x4)
                0x20000000                        _sdata = .
 *(.data)
 *(.data*)
 .data.startByte
                0x20000000        0x1 ./Core/Src/main.o
                0x20000000                startByte
 .data.stopByte
                0x20000001        0x1 ./Core/Src/main.o
                0x20000001                stopByte
 .data.bytesToSend
                0x20000002        0x2 ./Core/Src/main.o
                0x20000002                bytesToSend
 .data.dataPtr  0x20000004        0x4 ./Core/Src/main.o
                0x20000004                dataPtr
 .data.SystemCoreClock
                0x20000008        0x4 ./Core/Src/system_stm32f1xx.o
                0x20000008                SystemCoreClock
 .data.uwTickPrio
                0x2000000c        0x4 ./Drivers/STM32F1xx_HAL_Driver/Src/stm32f1xx_hal.o
                0x2000000c                uwTickPrio
 .data.uwTickFreq
                0x20000010        0x1 ./Drivers/STM32F1xx_HAL_Driver/Src/stm32f1xx_hal.o
                0x20000010                uwTickFreq
 *fill*         0x20000011        0x3 
 .data.USBD_CDC_DeviceQualifierDesc
                0x20000014        0xa ./Middlewares/ST/STM32_USB_Device_Library/Class/CDC/Src/usbd_cdc.o
 *fill*         0x2000001e        0x2 
 .data.USBD_CDC
                0x20000020       0x38 ./Middlewares/ST/STM32_USB_Device_Library/Class/CDC/Src/usbd_cdc.o
                0x20000020                USBD_CDC
 .data.USBD_CDC_CfgHSDesc
                0x20000058       0x43 ./Middlewares/ST/STM32_USB_Device_Library/Class/CDC/Src/usbd_cdc.o
                0x20000058                USBD_CDC_CfgHSDesc
 *fill*         0x2000009b        0x1 
 .data.USBD_CDC_CfgFSDesc
                0x2000009c       0x43 ./Middlewares/ST/STM32_USB_Device_Library/Class/CDC/Src/usbd_cdc.o
                0x2000009c                USBD_CDC_CfgFSDesc
 *fill*         0x200000df        0x1 
 .data.USBD_CDC_OtherSpeedCfgDesc
                0x200000e0       0x43 ./Middlewares/ST/STM32_USB_Device_Library/Class/CDC/Src/usbd_cdc.o
                0x200000e0                USBD_CDC_OtherSpeedCfgDesc
 *fill*         0x20000123        0x1 
 .data.USBD_Interface_fops_FS
                0x20000124       0x10 ./USB_DEVICE/App/usbd_cdc_if.o
                0x20000124                USBD_Interface_fops_FS
 .data.FS_Desc  0x20000134       0x1c ./USB_DEVICE/App/usbd_desc.o
                0x20000134                FS_Desc
 .data.USBD_FS_DeviceDesc
                0x20000150       0x12 ./USB_DEVICE/App/usbd_desc.o
                0x20000150                USBD_FS_DeviceDesc
 *fill*         0x20000162        0x2 
 .data.USBD_LangIDDesc
                0x20000164        0x4 ./USB_DEVICE/App/usbd_desc.o
                0x20000164                USBD_LangIDDesc
 .data.USBD_StringSerial
                0x20000168       0x1a ./USB_DEVICE/App/usbd_desc.o
                0x20000168                USBD_StringSerial
 *(.RamFunc)
 *(.RamFunc*)
                0x20000184                        . = ALIGN (0x4)
 *fill*         0x20000182        0x2 
                0x20000184                        _edata = .

.igot.plt       0x20000184        0x0 load address 0x08009e40
 .igot.plt      0x20000184        0x0 /opt/st/stm32cubeide_2.0.0/plugins/com.st.stm32cube.ide.mcu.externaltools.gnu-tools-for-stm32.13.3.rel1.linux64_1.0.100.202509120712/tools/bin/../lib/gcc/arm-none-eabi/13.3.1/thumb/v7-m/nofp/crtbegin.o
                0x20000184                        . = ALIGN (0x4)

.bss            0x20000184     0x32b8 load address 0x08009e40
                0x20000184                        _sbss = .
                0x20000184                        __bss_start__ = _sbss
 *(.bss)
 .bss           0x20000184       0x1c /opt/st/stm32cubeide_2.0.0/plugins/com.st.stm32cube.ide.mcu.externaltools.gnu-tools-for-stm32.13.3.rel1.linux64_1.0.100.202509120712/tools/bin/../lib/gcc/arm-none-eabi/13.3.1/thumb/v7-m/nofp/crtbegin.o
 *(.bss*)
 .bss.hadc1     0x200001a0       0x30 ./Core/Src/main.o
                0x200001a0                hadc1
 .bss.hdma_adc1
                0x200001d0       0x44 ./Core/Src/main.o
                0x200001d0                hdma_adc1
 .bss.htim1     0x20000214       0x48 ./Core/Src/main.o
                0x20000214                htim1
 .bss.htim2     0x2000025c       0x48 ./Core/Src/main.o
                0x2000025c                htim2
 .bss.htim3     0x200002a4       0x48 ./Core/Src/main.o
                0x200002a4                htim3
 .bss.htim4     0x200002ec       0x48 ./Core/Src/main.o
                0x200002ec                htim4
 .bss.ADC_Raw   0x20000334     0x1f40 ./Core/Src/main.o
                0x20000334                ADC_Raw
 .bss.data_ready
                0x20002274        0x1 ./Core/Src/main.o
                0x20002274                data_ready
 *fill*         0x20002275        0x3 
 .bss.uwTick    0x20002278        0x4 ./Drivers/STM32F1xx_HAL_Driver/Src/stm32f1xx_hal.o
                0x20002278                uwTick
 .bss.cfgidx.0  0x2000227c        0x1 ./Middlewares/ST/STM32_USB_Device_Library/Core/Src/usbd_ctlreq.o
 *fill*         0x2000227d        0x3 
 .bss.hUsbDeviceFS
                0x20002280      0x2c4 ./USB_DEVICE/App/usb_device.o
                0x20002280                hUsbDeviceFS
 .bss.UserRxBufferFS
                0x20002544      0x400 ./USB_DEVICE/App/usbd_cdc_if.o
                0x20002544                UserRxBufferFS
 .bss.UserTxBufferFS
                0x20002944      0x400 ./USB_DEVICE/App/usbd_cdc_if.o
                0x20002944                UserTxBufferFS
 .bss.USBD_StrDesc
                0x20002d44      0x200 ./USB_DEVICE/App/usbd_desc.o
                0x20002d44                USBD_StrDesc
 .bss.hpcd_USB_FS
                0x20002f44      0x2d8 ./USB_DEVICE/Target/usbd_conf.o
                0x20002f44                hpcd_USB_FS
 .bss.mem.0     0x2000321c      0x220 ./USB_DEVICE/Target/usbd_conf.o
 *(COMMON)
                0x2000343c                        . = ALIGN (0x4)
                0x2000343c                        _ebss = .
                0x2000343c                        __bss_end__ = _ebss

._user_heap_stack
                0x2000343c      0x604 load address 0x08009e40
                0x20003440                        . = ALIGN (0x8)
 *fill*         0x2000343c        0x4 
                [!provide]                        PROVIDE (end = .)
                0x20003440                        PROVIDE (_end = .)
                0x20003640                        . = (. + _Min_Heap_Size)
 *fill*         0x20003440      0x200 
                0x20003a40                        . = (. + _Min_Stack_Size)
 *fill*         0x20003640      0x400 
                0x20003a40                        . = ALIGN (0x8)

/DISCARD/
 libc.a(*)
 libm.a(*)
 libgcc.a(*)

.ARM.attributes
                0x00000000       0x29
 *(.ARM.attributes)
 .ARM.attributes
                0x00000000       0x1d /opt/st/stm32cubeide_2.0.0/plugins/com.st.stm32cube.ide.mcu.externaltools.gnu-tools-for-stm32.13.3.rel1.linux64_1.0.100.202509120712/tools/bin/../lib/gcc/arm-none-eabi/13.3.1/thumb/v7-m/nofp/crti.o
 .ARM.attributes
                0x0000001d       0x2d /opt/st/stm32cubeide_2.0.0/plugins/com.st.stm32cube.ide.mcu.externaltools.gnu-tools-for-stm32.13.3.rel1.linux64_1.0.100.202509120712/tools/bin/../lib/gcc/arm-none-eabi/13.3.1/thumb/v7-m/nofp/crtbegin.o
 .ARM.attributes
                0x0000004a       0x2d ./Core/Src/main.o
 .ARM.attributes
                0x00000077       0x2d ./Core/Src/stm32f1xx_hal_msp.o
 .ARM.attributes
                0x000000a4       0x2d ./Core/Src/stm32f1xx_it.o
 .ARM.attributes
                0x000000d1       0x2d ./Core/Src/system_stm32f1xx.o
 .ARM.attributes
                0x000000fe       0x21 ./Core/Startup/startup_stm32f103c8tx.o
 .ARM.attributes
                0x0000011f       0x2d ./Drivers/STM32F1xx_HAL_Driver/Src/stm32f1xx_hal.o
 .ARM.attributes
                0x0000014c       0x2d ./Drivers/STM32F1xx_HAL_Driver/Src/stm32f1xx_hal_adc.o
 .ARM.attributes
                0x00000179       0x2d ./Drivers/STM32F1xx_HAL_Driver/Src/stm32f1xx_hal_cortex.o
 .ARM.attributes
                0x000001a6       0x2d ./Drivers/STM32F1xx_HAL_Driver/Src/stm32f1xx_hal_dma.o
 .ARM.attributes
                0x000001d3       0x2d ./Drivers/STM32F1xx_HAL_Driver/Src/stm32f1xx_hal_gpio.o
 .ARM.attributes
                0x00000200       0x2d ./Drivers/STM32F1xx_HAL_Driver/Src/stm32f1xx_hal_pcd.o
 .ARM.attributes
                0x0000022d       0x2d ./Drivers/STM32F1xx_HAL_Driver/Src/stm32f1xx_hal_pcd_ex.o
 .ARM.attributes
                0x0000025a       0x2d ./Drivers/STM32F1xx_HAL_Driver/Src/stm32f1xx_hal_rcc.o
 .ARM.attributes
                0x00000287       0x2d ./Drivers/STM32F1xx_HAL_Driver/Src/stm32f1xx_hal_rcc_ex.o
 .ARM.attributes
                0x000002b4       0x2d ./Drivers/STM32F1xx_HAL_Driver/Src/stm32f1xx_hal_tim.o
 .ARM.attributes
                0x000002e1       0x2d ./Drivers/STM32F1xx_HAL_Driver/Src/stm32f1xx_hal_tim_ex.o
 .ARM.attributes
                0x0000030e       0x2d ./Drivers/STM32F1xx_HAL_Driver/Src/stm32f1xx_ll_usb.o
 .ARM.attributes
                0x0000033b       0x2d ./Middlewares/ST/STM32_USB_Device_Library/Class/CDC/Src/usbd_cdc.o
 .ARM.attributes
                0x00000368       0x2d ./Middlewares/ST/STM32_USB_Device_Library/Core/Src/usbd_core.o
 .ARM.attributes
                0x00000395       0x2d ./Middlewares/ST/STM32_USB_Device_Library/Core/Src/usbd_ctlreq.o
 .ARM.attributes
                0x000003c2       0x2d ./Middlewares/ST/STM32_USB_Device_Library/Core/Src/usbd_ioreq.o
 .ARM.attributes
                0x000003ef       0x2d ./USB_DEVICE/App/usb_device.o
 .ARM.attributes
                0x0000041c       0x2d ./USB_DEVICE/App/usbd_cdc_if.o
 .ARM.attributes
                0x00000449       0x2d ./USB_DEVICE/App/usbd_desc.o
 .ARM.attributes
                0x00000476       0x2d ./USB_DEVICE/Target/usbd_conf.o
 .ARM.attributes
                0x000004a3       0x2d /opt/st/stm32cubeide_2.0.0/plugins/com.st.stm32cube.ide.mcu.externaltools.gnu-tools-for-stm32.13.3.rel1.linux64_1.0.100.202509120712/tools/bin/../lib/gcc/arm-none-eabi/13.3.1/../../../../arm-none-eabi/lib/thumb/v7-m/nofp/libc_nano.a(libc_a-memset.o)
 .ARM.attributes
                0x000004d0       0x2d /opt/st/stm32cubeide_2.0.0/plugins/com.st.stm32cube.ide.mcu.externaltools.gnu-tools-for-stm32.13.3.rel1.linux64_1.0.100.202509120712/tools/bin/../lib/gcc/arm-none-eabi/13.3.1/../../../../arm-none-eabi/lib/thumb/v7-m/nofp/libc_nano.a(libc_a-init.o)
 .ARM.attributes
                0x000004fd       0x1d /opt/st/stm32cubeide_2.0.0/plugins/com.st.stm32cube.ide.mcu.externaltools.gnu-tools-for-stm32.13.3.rel1.linux64_1.0.100.202509120712/tools/bin/../lib/gcc/arm-none-eabi/13.3.1/thumb/v7-m/nofp/crtn.o
OUTPUT(TCD1304.elf elf32-littlearm)
LOAD linker stubs
LOAD /opt/st/stm32cubeide_2.0.0/plugins/com.st.stm32cube.ide.mcu.externaltools.gnu-tools-for-stm32.13.3.rel1.linux64_1.0.100.202509120712/tools/bin/../lib/gcc/arm-none-eabi/13.3.1/../../../../arm-none-eabi/lib/thumb/v7-m/nofp/libc.a
LOAD /opt/st/stm32cubeide_2.0.0/plugins/com.st.stm32cube.ide.mcu.externaltools.gnu-tools-for-stm32.13.3.rel1.linux64_1.0.100.202509120712/tools/bin/../lib/gcc/arm-none-eabi/13.3.1/../../../../arm-none-eabi/lib/thumb/v7-m/nofp/libm.a
LOAD /opt/st/stm32cubeide_2.0.0/plugins/com.st.stm32cube.ide.mcu.externaltools.gnu-tools-for-stm32.13.3.rel1.linux64_1.0.100.202509120712/tools/bin/../lib/gcc/arm-none-eabi/13.3.1/thumb/v7-m/nofp/libgcc.a

.debug_info     0x00000000    0x12ad2
 .debug_info    0x00000000     0x1543 ./Core/Src/main.o
 .debug_info    0x00001543      0xcd1 ./Core/Src/stm32f1xx_hal_msp.o
 .debug_info    0x00002214      0x816 ./Core/Src/stm32f1xx_it.o
 .debug_info    0x00002a2a      0x222 ./Core/Src/system_stm32f1xx.o
 .debug_info    0x00002c4c       0x30 ./Core/Startup/startup_stm32f103c8tx.o
 .debug_info    0x00002c7c      0x704 ./Drivers/STM32F1xx_HAL_Driver/Src/stm32f1xx_hal.o
 .debug_info    0x00003380      0xc50 ./Drivers/STM32F1xx_HAL_Driver/Src/stm32f1xx_hal_adc.o
 .debug_info    0x00003fd0      0xa87 ./Drivers/STM32F1xx_HAL_Driver/Src/stm32f1xx_hal_cortex.o
 .debug_info    0x00004a57      0x6d2 ./Drivers/STM32F1xx_HAL_Driver/Src/stm32f1xx_hal_dma.o
 .debug_info    0x00005129      0x5ab ./Drivers/STM32F1xx_HAL_Driver/Src/stm32f1xx_hal_gpio.o
 .debug_info    0x000056d4     0x16dc ./Drivers/STM32F1xx_HAL_Driver/Src/stm32f1xx_hal_pcd.o
 .debug_info    0x00006db0      0x6c3 ./Drivers/STM32F1xx_HAL_Driver/Src/stm32f1xx_hal_pcd_ex.o
 .debug_info    0x00007473      0x7d5 ./Drivers/STM32F1xx_HAL_Driver/Src/stm32f1xx_hal_rcc.o
 .debug_info    0x00007c48      0x3c0 ./Drivers/STM32F1xx_HAL_Driver/Src/stm32f1xx_hal_rcc_ex.o
 .debug_info    0x00008008     0x2959 ./Drivers/STM32F1xx_HAL_Driver/Src/stm32f1xx_hal_tim.o
 .debug_info    0x0000a961     0x149b ./Drivers/STM32F1xx_HAL_Driver/Src/stm32f1xx_hal_tim_ex.o
 .debug_info    0x0000bdfc     0x17ae ./Drivers/STM32F1xx_HAL_Driver/Src/stm32f1xx_ll_usb.o
 .debug_info    0x0000d5aa     0x1043 ./Middlewares/ST/STM32_USB_Device_Library/Class/CDC/Src/usbd_cdc.o
 .debug_info    0x0000e5ed      0xa52 ./Middlewares/ST/STM32_USB_Device_Library/Core/Src/usbd_core.o
 .debug_info    0x0000f03f      0x91c ./Middlewares/ST/STM32_USB_Device_Library/Core/Src/usbd_ctlreq.o
 .debug_info    0x0000f95b      0x6a0 ./Middlewares/ST/STM32_USB_Device_Library/Core/Src/usbd_ioreq.o
 .debug_info    0x0000fffb      0x63d ./USB_DEVICE/App/usb_device.o
 .debug_info    0x00010638      0x7ec ./USB_DEVICE/App/usbd_cdc_if.o
 .debug_info    0x00010e24      0x44a ./USB_DEVICE/App/usbd_desc.o
 .debug_info    0x0001126e     0x1864 ./USB_DEVICE/Target/usbd_conf.o

.debug_abbrev   0x00000000     0x34a4
 .debug_abbrev  0x00000000      0x2c0 ./Core/Src/main.o
 .debug_abbrev  0x000002c0      0x250 ./Core/Src/stm32f1xx_hal_msp.o
 .debug_abbrev  0x00000510      0x1b4 ./Core/Src/stm32f1xx_it.o
 .debug_abbrev  0x000006c4      0x13f ./Core/Src/system_stm32f1xx.o
 .debug_abbrev  0x00000803       0x24 ./Core/Startup/startup_stm32f103c8tx.o
 .debug_abbrev  0x00000827      0x201 ./Drivers/STM32F1xx_HAL_Driver/Src/stm32f1xx_hal.o
 .debug_abbrev  0x00000a28      0x225 ./Drivers/STM32F1xx_HAL_Driver/Src/stm32f1xx_hal_adc.o
 .debug_abbrev  0x00000c4d      0x2f8 ./Drivers/STM32F1xx_HAL_Driver/Src/stm32f1xx_hal_cortex.o
 .debug_abbrev  0x00000f45      0x20b ./Drivers/STM32F1xx_HAL_Driver/Src/stm32f1xx_hal_dma.o
 .debug_abbrev  0x00001150      0x1ca ./Drivers/STM32F1xx_HAL_Driver/Src/stm32f1xx_hal_gpio.o
 .debug_abbrev  0x0000131a      0x2d6 ./Drivers/STM32F1xx_HAL_Driver/Src/stm32f1xx_hal_pcd.o
 .debug_abbrev  0x000015f0      0x189 ./Drivers/STM32F1xx_HAL_Driver/Src/stm32f1xx_hal_pcd_ex.o
 .debug_abbrev  0x00001779      0x2b3 ./Drivers/STM32F1xx_HAL_Driver/Src/stm32f1xx_hal_rcc.o
 .debug_abbrev  0x00001a2c      0x188 ./Drivers/STM32F1xx_HAL_Driver/Src/stm32f1xx_hal_rcc_ex.o
 .debug_abbrev  0x00001bb4      0x277 ./Drivers/STM32F1xx_HAL_Driver/Src/stm32f1xx_hal_tim.o
 .debug_abbrev  0x00001e2b      0x282 ./Drivers/STM32F1xx_HAL_Driver/Src/stm32f1xx_hal_tim_ex.o
 .debug_abbrev  0x000020ad      0x1de ./Drivers/STM32F1xx_HAL_Driver/Src/stm32f1xx_ll_usb.o
 .debug_abbrev  0x0000228b      0x2d3 ./Middlewares/ST/STM32_USB_Device_Library/Class/CDC/Src/usbd_cdc.o
 .debug_abbrev  0x0000255e      0x24a ./Middlewares/ST/STM32_USB_Device_Library/Core/Src/usbd_core.o
 .debug_abbrev  0x000027a8      0x26b ./Middlewares/ST/STM32_USB_Device_Library/Core/Src/usbd_ctlreq.o
 .debug_abbrev  0x00002a13      0x192 ./Middlewares/ST/STM32_USB_Device_Library/Core/Src/usbd_ioreq.o
 .debug_abbrev  0x00002ba5      0x18d ./USB_DEVICE/App/usb_device.o
 .debug_abbrev  0x00002d32      0x25d ./USB_DEVICE/App/usbd_cdc_if.o
 .debug_abbrev  0x00002f8f      0x1ff ./USB_DEVICE/App/usbd_desc.o
 .debug_abbrev  0x0000318e      0x316 ./USB_DEVICE/Target/usbd_conf.o

.debug_aranges  0x00000000     0x1180
 .debug_aranges
                0x00000000       0x70 ./Core/Src/main.o
 .debug_aranges
                0x00000070       0x48 ./Core/Src/stm32f1xx_hal_msp.o
 .debug_aranges
                0x000000b8       0x70 ./Core/Src/stm32f1xx_it.o
 .debug_aranges
                0x00000128       0x28 ./Core/Src/system_stm32f1xx.o
 .debug_aranges
                0x00000150       0x28 ./Core/Startup/startup_stm32f103c8tx.o
 .debug_aranges
                0x00000178       0xe0 ./Drivers/STM32F1xx_HAL_Driver/Src/stm32f1xx_hal.o
 .debug_aranges
                0x00000258       0xf0 ./Drivers/STM32F1xx_HAL_Driver/Src/stm32f1xx_hal_adc.o
 .debug_aranges
                0x00000348      0x100 ./Drivers/STM32F1xx_HAL_Driver/Src/stm32f1xx_hal_cortex.o
 .debug_aranges
                0x00000448       0x80 ./Drivers/STM32F1xx_HAL_Driver/Src/stm32f1xx_hal_dma.o
 .debug_aranges
                0x000004c8       0x58 ./Drivers/STM32F1xx_HAL_Driver/Src/stm32f1xx_hal_gpio.o
 .debug_aranges
                0x00000520      0x140 ./Drivers/STM32F1xx_HAL_Driver/Src/stm32f1xx_hal_pcd.o
 .debug_aranges
                0x00000660       0x38 ./Drivers/STM32F1xx_HAL_Driver/Src/stm32f1xx_hal_pcd_ex.o
 .debug_aranges
                0x00000698       0x90 ./Drivers/STM32F1xx_HAL_Driver/Src/stm32f1xx_hal_rcc.o
 .debug_aranges
                0x00000728       0x30 ./Drivers/STM32F1xx_HAL_Driver/Src/stm32f1xx_hal_rcc_ex.o
 .debug_aranges
                0x00000758      0x3d0 ./Drivers/STM32F1xx_HAL_Driver/Src/stm32f1xx_hal_tim.o
 .debug_aranges
                0x00000b28      0x168 ./Drivers/STM32F1xx_HAL_Driver/Src/stm32f1xx_hal_tim_ex.o
 .debug_aranges
                0x00000c90       0xf8 ./Drivers/STM32F1xx_HAL_Driver/Src/stm32f1xx_ll_usb.o
 .debug_aranges
                0x00000d88       0x90 ./Middlewares/ST/STM32_USB_Device_Library/Class/CDC/Src/usbd_cdc.o
 .debug_aranges
                0x00000e18       0xb8 ./Middlewares/ST/STM32_USB_Device_Library/Core/Src/usbd_core.o
 .debug_aranges
                0x00000ed0       0x88 ./Middlewares/ST/STM32_USB_Device_Library/Core/Src/usbd_ctlreq.o
 .debug_aranges
                0x00000f58       0x50 ./Middlewares/ST/STM32_USB_Device_Library/Core/Src/usbd_ioreq.o
 .debug_aranges
                0x00000fa8       0x20 ./USB_DEVICE/App/usb_device.o
 .debug_aranges
                0x00000fc8       0x40 ./USB_DEVICE/App/usbd_cdc_if.o
 .debug_aranges
                0x00001008       0x60 ./USB_DEVICE/App/usbd_desc.o
 .debug_aranges
                0x00001068      0x118 ./USB_DEVICE/Target/usbd_conf.o

.debug_rnglists
                0x00000000      0xd4f
 .debug_rnglists
                0x00000000       0x56 ./Core/Src/main.o
 .debug_rnglists
                0x00000056       0x35 ./Core/Src/stm32f1xx_hal_msp.o
 .debug_rnglists
                0x0000008b       0x4f ./Core/Src/stm32f1xx_it.o
 .debug_rnglists
                0x000000da       0x1a ./Core/Src/system_stm32f1xx.o
 .debug_rnglists
                0x000000f4       0x19 ./Core/Startup/startup_stm32f103c8tx.o
 .debug_rnglists
                0x0000010d       0xa3 ./Drivers/STM32F1xx_HAL_Driver/Src/stm32f1xx_hal.o
 .debug_rnglists
                0x000001b0       0xbc ./Drivers/STM32F1xx_HAL_Driver/Src/stm32f1xx_hal_adc.o
 .debug_rnglists
                0x0000026c       0xbb ./Drivers/STM32F1xx_HAL_Driver/Src/stm32f1xx_hal_cortex.o
 .debug_rnglists
                0x00000327       0x64 ./Drivers/STM32F1xx_HAL_Driver/Src/stm32f1xx_hal_dma.o
 .debug_rnglists
                0x0000038b       0x3f ./Drivers/STM32F1xx_HAL_Driver/Src/stm32f1xx_hal_gpio.o
 .debug_rnglists
                0x000003ca       0xf4 ./Drivers/STM32F1xx_HAL_Driver/Src/stm32f1xx_hal_pcd.o
 .debug_rnglists
                0x000004be       0x26 ./Drivers/STM32F1xx_HAL_Driver/Src/stm32f1xx_hal_pcd_ex.o
 .debug_rnglists
                0x000004e4       0x6c ./Drivers/STM32F1xx_HAL_Driver/Src/stm32f1xx_hal_rcc.o
 .debug_rnglists
                0x00000550       0x21 ./Drivers/STM32F1xx_HAL_Driver/Src/stm32f1xx_hal_rcc_ex.o
 .debug_rnglists
                0x00000571      0x31a ./Drivers/STM32F1xx_HAL_Driver/Src/stm32f1xx_hal_tim.o
 .debug_rnglists
                0x0000088b      0x125 ./Drivers/STM32F1xx_HAL_Driver/Src/stm32f1xx_hal_tim_ex.o
 .debug_rnglists
                0x000009b0       0xbd ./Drivers/STM32F1xx_HAL_Driver/Src/stm32f1xx_ll_usb.o
 .debug_rnglists
                0x00000a6d       0x6a ./Middlewares/ST/STM32_USB_Device_Library/Class/CDC/Src/usbd_cdc.o
 .debug_rnglists
                0x00000ad7       0x89 ./Middlewares/ST/STM32_USB_Device_Library/Core/Src/usbd_core.o
 .debug_rnglists
                0x00000b60       0x68 ./Middlewares/ST/STM32_USB_Device_Library/Core/Src/usbd_ctlreq.o
 .debug_rnglists
                0x00000bc8       0x37 ./Middlewares/ST/STM32_USB_Device_Library/Core/Src/usbd_ioreq.o
 .debug_rnglists
                0x00000bff       0x13 ./USB_DEVICE/App/usb_device.o
 .debug_rnglists
                0x00000c12       0x2c ./USB_DEVICE/App/usbd_cdc_if.o
 .debug_rnglists
                0x00000c3e       0x43 ./USB_DEVICE/App/usbd_desc.o
 .debug_rnglists
                0x00000c81       0xce ./USB_DEVICE/Target/usbd_conf.o

.debug_macro    0x00000000    0x1aaa7
 .debug_macro   0x00000000      0x39b ./Core/Src/main.o
 .debug_macro   0x0000039b      0xacc ./Core/Src/main.o
 .debug_macro   0x00000e67      0x227 ./Core/Src/main.o
 .debug_macro   0x0000108e       0x2e ./Core/Src/main.o
 .debug_macro   0x000010bc       0x22 ./Core/Src/main.o
 .debug_macro   0x000010de       0x22 ./Core/Src/main.o
 .debug_macro   0x00001100       0x8e ./Core/Src/main.o
 .debug_macro   0x0000118e       0x51 ./Core/Src/main.o
 .debug_macro   0x000011df      0x103 ./Core/Src/main.o
 .debug_macro   0x000012e2       0x6a ./Core/Src/main.o
 .debug_macro   0x0000134c      0x1df ./Core/Src/main.o
 .debug_macro   0x0000152b       0x1c ./Core/Src/main.o
 .debug_macro   0x00001547       0x22 ./Core/Src/main.o
 .debug_macro   0x00001569       0xbd ./Core/Src/main.o
 .debug_macro   0x00001626      0xd23 ./Core/Src/main.o
 .debug_macro   0x00002349     0xe09e ./Core/Src/main.o
 .debug_macro   0x000103e7       0x6d ./Core/Src/main.o
 .debug_macro   0x00010454     0x34a2 ./Core/Src/main.o
 .debug_macro   0x000138f6      0x190 ./Core/Src/main.o
 .debug_macro   0x00013a86       0x5c ./Core/Src/main.o
 .debug_macro   0x00013ae2      0x5bc ./Core/Src/main.o
 .debug_macro   0x0001409e      0x289 ./Core/Src/main.o
 .debug_macro   0x00014327      0x1cb ./Core/Src/main.o
 .debug_macro   0x000144f2      0x114 ./Core/Src/main.o
 .debug_macro   0x00014606      0x1b2 ./Core/Src/main.o
 .debug_macro   0x000147b8       0x27 ./Core/Src/main.o
 .debug_macro   0x000147df      0x136 ./Core/Src/main.o
 .debug_macro   0x00014915      0x1bc ./Core/Src/main.o
 .debug_macro   0x00014ad1       0x34 ./Core/Src/main.o
 .debug_macro   0x00014b05       0x3c ./Core/Src/main.o
 .debug_macro   0x00014b41       0x57 ./Core/Src/main.o
 .debug_macro   0x00014b98      0x46a ./Core/Src/main.o
 .debug_macro   0x00015002      0x1b5 ./Core/Src/main.o
 .debug_macro   0x000151b7       0x87 ./Core/Src/main.o
 .debug_macro   0x0001523e      0x240 ./Core/Src/main.o
 .debug_macro   0x0001547e      0x140 ./Core/Src/main.o
 .debug_macro   0x000155be      0x8ed ./Core/Src/main.o
 .debug_macro   0x00015eab       0xb7 ./Core/Src/main.o
 .debug_macro   0x00015f62      0x242 ./Core/Src/main.o
 .debug_macro   0x000161a4       0x83 ./Core/Src/main.o
 .debug_macro   0x00016227       0x61 ./Core/Src/main.o
 .debug_macro   0x00016288       0x24 ./Core/Src/main.o
 .debug_macro   0x000162ac       0x43 ./Core/Src/main.o
 .debug_macro   0x000162ef       0x34 ./Core/Src/main.o
 .debug_macro   0x00016323       0x16 ./Core/Src/main.o
 .debug_macro   0x00016339       0x3c ./Core/Src/main.o
 .debug_macro   0x00016375      0x370 ./Core/Src/main.o
 .debug_macro   0x000166e5       0x10 ./Core/Src/main.o
 .debug_macro   0x000166f5       0x16 ./Core/Src/main.o
 .debug_macro   0x0001670b       0x4a ./Core/Src/main.o
 .debug_macro   0x00016755       0x34 ./Core/Src/main.o
 .debug_macro   0x00016789       0x10 ./Core/Src/main.o
 .debug_macro   0x00016799       0x58 ./Core/Src/main.o
 .debug_macro   0x000167f1       0x8e ./Core/Src/main.o
 .debug_macro   0x0001687f       0x1c ./Core/Src/main.o
 .debug_macro   0x0001689b      0x185 ./Core/Src/main.o
 .debug_macro   0x00016a20       0x16 ./Core/Src/main.o
 .debug_macro   0x00016a36       0x16 ./Core/Src/main.o
 .debug_macro   0x00016a4c      0x146 ./Core/Src/main.o
 .debug_macro   0x00016b92       0x16 ./Core/Src/main.o
 .debug_macro   0x00016ba8       0x16 ./Core/Src/main.o
 .debug_macro   0x00016bbe       0x29 ./Core/Src/main.o
 .debug_macro   0x00016be7       0x16 ./Core/Src/main.o
 .debug_macro   0x00016bfd       0x20 ./Core/Src/main.o
 .debug_macro   0x00016c1d       0x5f ./Core/Src/main.o
 .debug_macro   0x00016c7c      0x1c8 ./Core/Src/main.o
 .debug_macro   0x00016e44       0x8f ./Core/Src/main.o
 .debug_macro   0x00016ed3       0x10 ./Core/Src/main.o
 .debug_macro   0x00016ee3      0x1db ./Core/Src/stm32f1xx_hal_msp.o
 .debug_macro   0x000170be      0x1e5 ./Core/Src/stm32f1xx_it.o
 .debug_macro   0x000172a3      0x1d1 ./Core/Src/system_stm32f1xx.o
 .debug_macro   0x00017474      0x1f5 ./Drivers/STM32F1xx_HAL_Driver/Src/stm32f1xx_hal.o
 .debug_macro   0x00017669      0x1ee ./Drivers/STM32F1xx_HAL_Driver/Src/stm32f1xx_hal_adc.o
 .debug_macro   0x00017857      0x1d1 ./Drivers/STM32F1xx_HAL_Driver/Src/stm32f1xx_hal_cortex.o
 .debug_macro   0x00017a28      0x1d1 ./Drivers/STM32F1xx_HAL_Driver/Src/stm32f1xx_hal_dma.o
 .debug_macro   0x00017bf9      0x23c ./Drivers/STM32F1xx_HAL_Driver/Src/stm32f1xx_hal_gpio.o
 .debug_macro   0x00017e35      0x1dd ./Drivers/STM32F1xx_HAL_Driver/Src/stm32f1xx_hal_pcd.o
 .debug_macro   0x00018012      0x1d1 ./Drivers/STM32F1xx_HAL_Driver/Src/stm32f1xx_hal_pcd_ex.o
 .debug_macro   0x000181e3      0x1e3 ./Drivers/STM32F1xx_HAL_Driver/Src/stm32f1xx_hal_rcc.o
 .debug_macro   0x000183c6      0x1d1 ./Drivers/STM32F1xx_HAL_Driver/Src/stm32f1xx_hal_rcc_ex.o
 .debug_macro   0x00018597      0x1d2 ./Drivers/STM32F1xx_HAL_Driver/Src/stm32f1xx_hal_tim.o
 .debug_macro   0x00018769      0x1d1 ./Drivers/STM32F1xx_HAL_Driver/Src/stm32f1xx_hal_tim_ex.o
 .debug_macro   0x0001893a      0x1d1 ./Drivers/STM32F1xx_HAL_Driver/Src/stm32f1xx_ll_usb.o
 .debug_macro   0x00018b0b      0x36a ./Middlewares/ST/STM32_USB_Device_Library/Class/CDC/Src/usbd_cdc.o
 .debug_macro   0x00018e75       0x9e ./Middlewares/ST/STM32_USB_Device_Library/Class/CDC/Src/usbd_cdc.o
 .debug_macro   0x00018f13      0x112 ./Middlewares/ST/STM32_USB_Device_Library/Class/CDC/Src/usbd_cdc.o
 .debug_macro   0x00019025       0x56 ./Middlewares/ST/STM32_USB_Device_Library/Class/CDC/Src/usbd_cdc.o
 .debug_macro   0x0001907b      0x351 ./Middlewares/ST/STM32_USB_Device_Library/Core/Src/usbd_core.o
 .debug_macro   0x000193cc      0x1ce ./Middlewares/ST/STM32_USB_Device_Library/Core/Src/usbd_core.o
 .debug_macro   0x0001959a      0x35b ./Middlewares/ST/STM32_USB_Device_Library/Core/Src/usbd_ctlreq.o
 .debug_macro   0x000198f5      0x357 ./Middlewares/ST/STM32_USB_Device_Library/Core/Src/usbd_ioreq.o
 .debug_macro   0x00019c4c      0x390 ./USB_DEVICE/App/usb_device.o
 .debug_macro   0x00019fdc       0x22 ./USB_DEVICE/App/usb_device.o
 .debug_macro   0x00019ffe       0x16 ./USB_DEVICE/App/usb_device.o
 .debug_macro   0x0001a014      0x375 ./USB_DEVICE/App/usbd_cdc_if.o
 .debug_macro   0x0001a389      0x38e ./USB_DEVICE/App/usbd_desc.o
 .debug_macro   0x0001a717       0x1c ./USB_DEVICE/App/usbd_desc.o
 .debug_macro   0x0001a733      0x374 ./USB_DEVICE/Target/usbd_conf.o

.debug_line     0x00000000    0x14b74
 .debug_line    0x00000000      0xe20 ./Core/Src/main.o
 .debug_line    0x00000e20      0x82e ./Core/Src/stm32f1xx_hal_msp.o
 .debug_line    0x0000164e      0x784 ./Core/Src/stm32f1xx_it.o
 .debug_line    0x00001dd2      0x724 ./Core/Src/system_stm32f1xx.o
 .debug_line    0x000024f6       0x78 ./Core/Startup/startup_stm32f103c8tx.o
 .debug_line    0x0000256e      0x955 ./Drivers/STM32F1xx_HAL_Driver/Src/stm32f1xx_hal.o
 .debug_line    0x00002ec3      0xf7a ./Drivers/STM32F1xx_HAL_Driver/Src/stm32f1xx_hal_adc.o
 .debug_line    0x00003e3d      0xb1f ./Drivers/STM32F1xx_HAL_Driver/Src/stm32f1xx_hal_cortex.o
 .debug_line    0x0000495c      0xd5f ./Drivers/STM32F1xx_HAL_Driver/Src/stm32f1xx_hal_dma.o
 .debug_line    0x000056bb      0x9b2 ./Drivers/STM32F1xx_HAL_Driver/Src/stm32f1xx_hal_gpio.o
 .debug_line    0x0000606d     0x12da ./Drivers/STM32F1xx_HAL_Driver/Src/stm32f1xx_hal_pcd.o
 .debug_line    0x00007347      0x71f ./Drivers/STM32F1xx_HAL_Driver/Src/stm32f1xx_hal_pcd_ex.o
 .debug_line    0x00007a66      0xe0e ./Drivers/STM32F1xx_HAL_Driver/Src/stm32f1xx_hal_rcc.o
 .debug_line    0x00008874      0x8bf ./Drivers/STM32F1xx_HAL_Driver/Src/stm32f1xx_hal_rcc_ex.o
 .debug_line    0x00009133     0x3443 ./Drivers/STM32F1xx_HAL_Driver/Src/stm32f1xx_hal_tim.o
 .debug_line    0x0000c576     0x1819 ./Drivers/STM32F1xx_HAL_Driver/Src/stm32f1xx_hal_tim_ex.o
 .debug_line    0x0000dd8f     0x10c5 ./Drivers/STM32F1xx_HAL_Driver/Src/stm32f1xx_ll_usb.o
 .debug_line    0x0000ee54      0xc9f ./Middlewares/ST/STM32_USB_Device_Library/Class/CDC/Src/usbd_cdc.o
 .debug_line    0x0000faf3      0xcf4 ./Middlewares/ST/STM32_USB_Device_Library/Core/Src/usbd_core.o
 .debug_line    0x000107e7      0xf3e ./Middlewares/ST/STM32_USB_Device_Library/Core/Src/usbd_ctlreq.o
 .debug_line    0x00011725      0x9aa ./Middlewares/ST/STM32_USB_Device_Library/Core/Src/usbd_ioreq.o
 .debug_line    0x000120cf      0x97a ./USB_DEVICE/App/usb_device.o
 .debug_line    0x00012a49      0x9b2 ./USB_DEVICE/App/usbd_cdc_if.o
 .debug_line    0x000133fb      0xa23 ./USB_DEVICE/App/usbd_desc.o
 .debug_line    0x00013e1e      0xd56 ./USB_DEVICE/Target/usbd_conf.o

.debug_str      0x00000000    0x91e32
 .debug_str     0x00000000    0x91e32 ./Core/Src/main.o
                              0x8e589 (size before relaxing)
 .debug_str     0x00091e32        0x0 ./Core/Src/stm32f1xx_hal_msp.o
                              0x8965e (size before relaxing)
 .debug_str     0x00091e32        0x0 ./Core/Src/stm32f1xx_it.o
                              0x894c7 (size before relaxing)
 .debug_str     0x00091e32        0x0 ./Core/Src/system_stm32f1xx.o
                              0x88f51 (size before relaxing)
 .debug_str     0x00091e32        0x0 ./Core/Startup/startup_stm32f103c8tx.o
                                 0x87 (size before relaxing)
 .debug_str     0x00091e32        0x0 ./Drivers/STM32F1xx_HAL_Driver/Src/stm32f1xx_hal.o
                              0x89684 (size before relaxing)
 .debug_str     0x00091e32        0x0 ./Drivers/STM32F1xx_HAL_Driver/Src/stm32f1xx_hal_adc.o
                              0x89635 (size before relaxing)
 .debug_str     0x00091e32        0x0 ./Drivers/STM32F1xx_HAL_Driver/Src/stm32f1xx_hal_cortex.o
                              0x895d0 (size before relaxing)
 .debug_str     0x00091e32        0x0 ./Drivers/STM32F1xx_HAL_Driver/Src/stm32f1xx_hal_dma.o
                              0x892fa (size before relaxing)
 .debug_str     0x00091e32        0x0 ./Drivers/STM32F1xx_HAL_Driver/Src/stm32f1xx_hal_gpio.o
                              0x892d7 (size before relaxing)
 .debug_str     0x00091e32        0x0 ./Drivers/STM32F1xx_HAL_Driver/Src/stm32f1xx_hal_pcd.o
                              0x8986e (size before relaxing)
 .debug_str     0x00091e32        0x0 ./Drivers/STM32F1xx_HAL_Driver/Src/stm32f1xx_hal_pcd_ex.o
                              0x893d0 (size before relaxing)
 .debug_str     0x00091e32        0x0 ./Drivers/STM32F1xx_HAL_Driver/Src/stm32f1xx_hal_rcc.o
                              0x89380 (size before relaxing)
 .debug_str     0x00091e32        0x0 ./Drivers/STM32F1xx_HAL_Driver/Src/stm32f1xx_hal_rcc_ex.o
                              0x890d0 (size before relaxing)
 .debug_str     0x00091e32        0x0 ./Drivers/STM32F1xx_HAL_Driver/Src/stm32f1xx_hal_tim.o
                              0x8a382 (size before relaxing)
 .debug_str     0x00091e32        0x0 ./Drivers/STM32F1xx_HAL_Driver/Src/stm32f1xx_hal_tim_ex.o
                              0x89b8e (size before relaxing)
 .debug_str     0x00091e32        0x0 ./Drivers/STM32F1xx_HAL_Driver/Src/stm32f1xx_ll_usb.o
                              0x89422 (size before relaxing)
 .debug_str     0x00091e32        0x0 ./Middlewares/ST/STM32_USB_Device_Library/Class/CDC/Src/usbd_cdc.o
                              0x8debd (size before relaxing)
 .debug_str     0x00091e32        0x0 ./Middlewares/ST/STM32_USB_Device_Library/Core/Src/usbd_core.o
                              0x8d7ed (size before relaxing)
 .debug_str     0x00091e32        0x0 ./Middlewares/ST/STM32_USB_Device_Library/Core/Src/usbd_ctlreq.o
                              0x8d707 (size before relaxing)
 .debug_str     0x00091e32        0x0 ./Middlewares/ST/STM32_USB_Device_Library/Core/Src/usbd_ioreq.o
                              0x8d634 (size before relaxing)
 .debug_str     0x00091e32        0x0 ./USB_DEVICE/App/usb_device.o
                              0x8d9bf (size before relaxing)
 .debug_str     0x00091e32        0x0 ./USB_DEVICE/App/usbd_cdc_if.o
                              0x8d9e5 (size before relaxing)
 .debug_str     0x00091e32        0x0 ./USB_DEVICE/App/usbd_desc.o
                              0x8d570 (size before relaxing)
 .debug_str     0x00091e32        0x0 ./USB_DEVICE/Target/usbd_conf.o
                              0x8e44a (size before relaxing)

.comment        0x00000000       0x43
 .comment       0x00000000       0x43 ./Core/Src/main.o
                                 0x44 (size before relaxing)
 .comment       0x00000043        0x0 ./Core/Src/stm32f1xx_hal_msp.o
                                 0x44 (size before relaxing)
 .comment       0x00000043        0x0 ./Core/Src/stm32f1xx_it.o
                                 0x44 (size before relaxing)
 .comment       0x00000043        0x0 ./Core/Src/system_stm32f1xx.o
                                 0x44 (size before relaxing)
 .comment       0x00000043        0x0 ./Drivers/STM32F1xx_HAL_Driver/Src/stm32f1xx_hal.o
                                 0x44 (size before relaxing)
 .comment       0x00000043        0x0 ./Drivers/STM32F1xx_HAL_Driver/Src/stm32f1xx_hal_adc.o
                                 0x44 (size before relaxing)
 .comment       0x00000043        0x0 ./Drivers/STM32F1xx_HAL_Driver/Src/stm32f1xx_hal_cortex.o
                                 0x44 (size before relaxing)
 .comment       0x00000043        0x0 ./Drivers/STM32F1xx_HAL_Driver/Src/stm32f1xx_hal_dma.o
                                 0x44 (size before relaxing)
 .comment       0x00000043        0x0 ./Drivers/STM32F1xx_HAL_Driver/Src/stm32f1xx_hal_gpio.o
                                 0x44 (size before relaxing)
 .comment       0x00000043        0x0 ./Drivers/STM32F1xx_HAL_Driver/Src/stm32f1xx_hal_pcd.o
                                 0x44 (size before relaxing)
 .comment       0x00000043        0x0 ./Drivers/STM32F1xx_HAL_Driver/Src/stm32f1xx_hal_pcd_ex.o
                                 0x44 (size before relaxing)
 .comment       0x00000043        0x0 ./Drivers/STM32F1xx_HAL_Driver/Src/stm32f1xx_hal_rcc.o
                                 0x44 (size before relaxing)
 .comment       0x00000043        0x0 ./Drivers/STM32F1xx_HAL_Driver/Src/stm32f1xx_hal_rcc_ex.o
                                 0x44 (size before relaxing)
 .comment       0x00000043        0x0 ./Drivers/STM32F1xx_HAL_Driver/Src/stm32f1xx_hal_tim.o
                                 0x44 (size before relaxing)
 .comment       0x00000043        0x0 ./Drivers/STM32F1xx_HAL_Driver/Src/stm32f1xx_hal_tim_ex.o
                                 0x44 (size before relaxing)
 .comment       0x00000043        0x0 ./Drivers/STM32F1xx_HAL_Driver/Src/stm32f1xx_ll_usb.o
                                 0x44 (size before relaxing)
 .comment       0x00000043        0x0 ./Middlewares/ST/STM32_USB_Device_Library/Class/CDC/Src/usbd_cdc.o
                                 0x44 (size before relaxing)
 .comment       0x00000043        0x0 ./Middlewares/ST/STM32_USB_Device_Library/Core/Src/usbd_core.o
                                 0x44 (size before relaxing)
 .comment       0x00000043        0x0 ./Middlewares/ST/STM32_USB_Device_Library/Core/Src/usbd_ctlreq.o
                                 0x44 (size before relaxing)
 .comment       0x00000043        0x0 ./Middlewares/ST/STM32_USB_Device_Library/Core/Src/usbd_ioreq.o
                                 0x44 (size before relaxing)
 .comment       0x00000043        0x0 ./USB_DEVICE/App/usb_device.o
                                 0x44 (size before relaxing)
 .comment       0x00000043        0x0 ./USB_DEVICE/App/usbd_cdc_if.o
                                 0x44 (size before relaxing)
 .comment       0x00000043        0x0 ./USB_DEVICE/App/usbd_desc.o
                                 0x44 (size before relaxing)
 .comment       0x00000043        0x0 ./USB_DEVICE/Target/usbd_conf.o
                                 0x44 (size before relaxing)

.debug_frame    0x00000000     0x47b0
 .debug_frame   0x00000000      0x18c ./Core/Src/main.o
 .debug_frame   0x0000018c       0xf4 ./Core/Src/stm32f1xx_hal_msp.o
 .debug_frame   0x00000280      0x13c ./Core/Src/stm32f1xx_it.o
 .debug_frame   0x000003bc       0x58 ./Core/Src/system_stm32f1xx.o
 .debug_frame   0x00000414      0x334 ./Drivers/STM32F1xx_HAL_Driver/Src/stm32f1xx_hal.o
 .debug_frame   0x00000748      0x40c ./Drivers/STM32F1xx_HAL_Driver/Src/stm32f1xx_hal_adc.o
 .debug_frame   0x00000b54      0x428 ./Drivers/STM32F1xx_HAL_Driver/Src/stm32f1xx_hal_cortex.o
 .debug_frame   0x00000f7c      0x208 ./Drivers/STM32F1xx_HAL_Driver/Src/stm32f1xx_hal_dma.o
 .debug_frame   0x00001184      0x14c ./Drivers/STM32F1xx_HAL_Driver/Src/stm32f1xx_hal_gpio.o
 .debug_frame   0x000012d0      0x594 ./Drivers/STM32F1xx_HAL_Driver/Src/stm32f1xx_hal_pcd.o
 .debug_frame   0x00001864       0xb0 ./Drivers/STM32F1xx_HAL_Driver/Src/stm32f1xx_hal_pcd_ex.o
 .debug_frame   0x00001914      0x218 ./Drivers/STM32F1xx_HAL_Driver/Src/stm32f1xx_hal_rcc.o
 .debug_frame   0x00001b2c       0x80 ./Drivers/STM32F1xx_HAL_Driver/Src/stm32f1xx_hal_rcc_ex.o
 .debug_frame   0x00001bac     0x11b8 ./Drivers/STM32F1xx_HAL_Driver/Src/stm32f1xx_hal_tim.o
 .debug_frame   0x00002d64      0x638 ./Drivers/STM32F1xx_HAL_Driver/Src/stm32f1xx_hal_tim_ex.o
 .debug_frame   0x0000339c      0x470 ./Drivers/STM32F1xx_HAL_Driver/Src/stm32f1xx_ll_usb.o
 .debug_frame   0x0000380c      0x248 ./Middlewares/ST/STM32_USB_Device_Library/Class/CDC/Src/usbd_cdc.o
 .debug_frame   0x00003a54      0x300 ./Middlewares/ST/STM32_USB_Device_Library/Core/Src/usbd_core.o
 .debug_frame   0x00003d54      0x218 ./Middlewares/ST/STM32_USB_Device_Library/Core/Src/usbd_ctlreq.o
 .debug_frame   0x00003f6c      0x10c ./Middlewares/ST/STM32_USB_Device_Library/Core/Src/usbd_ioreq.o
 .debug_frame   0x00004078       0x2c ./USB_DEVICE/App/usb_device.o
 .debug_frame   0x000040a4       0xbc ./USB_DEVICE/App/usbd_cdc_if.o
 .debug_frame   0x00004160      0x160 ./USB_DEVICE/App/usbd_desc.o
 .debug_frame   0x000042c0      0x4a4 ./USB_DEVICE/Target/usbd_conf.o
 .debug_frame   0x00004764       0x20 /opt/st/stm32cubeide_2.0.0/plugins/com.st.stm32cube.ide.mcu.externaltools.gnu-tools-for-stm32.13.3.rel1.linux64_1.0.100.202509120712/tools/bin/../lib/gcc/arm-none-eabi/13.3.1/../../../../arm-none-eabi/lib/thumb/v7-m/nofp/libc_nano.a(libc_a-memset.o)
 .debug_frame   0x00004784       0x2c /opt/st/stm32cubeide_2.0.0/plugins/com.st.stm32cube.ide.mcu.externaltools.gnu-tools-for-stm32.13.3.rel1.linux64_1.0.100.202509120712/tools/bin/../lib/gcc/arm-none-eabi/13.3.1/../../../../arm-none-eabi/lib/thumb/v7-m/nofp/libc_nano.a(libc_a-init.o)

.debug_line_str
                0x00000000       0x6b
 .debug_line_str
                0x00000000       0x6b ./Core/Startup/startup_stm32f103c8tx.o
